../Core/Src/interface.c:23:6:lcdEnablePulse	8	static
../Core/Src/interface.c:31:6:lcdSend4Bits	16	static
../Core/Src/interface.c:41:6:lcdSendCmnd	8	static
../Core/Src/interface.c:73:6:lcdSendData	8	static
../Core/Src/interface.c:81:6:lcdSendString	8	static
../Core/Src/interface.c:87:6:lcdDisplayMeasurement	24	static
../Core/Src/interface.c:100:6:lcdDisplaySetpoint	24	static
../Core/Src/interface.c:117:6:lcdDisplayMode	8	static
../Core/Src/interface.c:51:6:lcdInit	8	static
../Core/Src/interface.c:135:6:HAL_GPIO_EXTI_Callback	32	static
../Core/Src/interface.c:260:6:lcdCheckForUpdate	32	static
