../Drivers/STM32L1xx_HAL_Driver/Src/stm32l1xx_hal_rtc.c:669:13:HAL_RTC_MspInit	0	static
../Drivers/STM32L1xx_HAL_Driver/Src/stm32l1xx_hal_rtc.c:685:13:HAL_RTC_MspDeInit	0	static
../Drivers/STM32L1xx_HAL_Driver/Src/stm32l1xx_hal_rtc.c:1447:19:HAL_RTC_DeactivateAlarm	16	static
../Drivers/STM32L1xx_HAL_Driver/Src/stm32l1xx_hal_rtc.c:1655:13:HAL_RTC_AlarmAEventCallback	0	static
../Drivers/STM32L1xx_HAL_Driver/Src/stm32l1xx_hal_rtc.c:1604:6:HAL_RTC_AlarmIRQHandler	8	static
../Drivers/STM32L1xx_HAL_Driver/Src/stm32l1xx_hal_rtc.c:1672:19:HAL_RTC_PollForAlarmAEvent	16	static
../Drivers/STM32L1xx_HAL_Driver/Src/stm32l1xx_hal_rtc.c:1736:19:HAL_RTC_WaitForSynchro	16	static
../Drivers/STM32L1xx_HAL_Driver/Src/stm32l1xx_hal_rtc.c:1765:6:HAL_RTC_DST_Add1Hour	0	static
../Drivers/STM32L1xx_HAL_Driver/Src/stm32l1xx_hal_rtc.c:1779:6:HAL_RTC_DST_Sub1Hour	0	static
../Drivers/STM32L1xx_HAL_Driver/Src/stm32l1xx_hal_rtc.c:1793:6:HAL_RTC_DST_SetStoreOperation	0	static
../Drivers/STM32L1xx_HAL_Driver/Src/stm32l1xx_hal_rtc.c:1806:6:HAL_RTC_DST_ClearStoreOperation	0	static
../Drivers/STM32L1xx_HAL_Driver/Src/stm32l1xx_hal_rtc.c:1818:10:HAL_RTC_DST_ReadStoreOperation	0	static
../Drivers/STM32L1xx_HAL_Driver/Src/stm32l1xx_hal_rtc.c:1847:21:HAL_RTC_GetState	0	static
../Drivers/STM32L1xx_HAL_Driver/Src/stm32l1xx_hal_rtc.c:1873:19:RTC_EnterInitMode	16	static
../Drivers/STM32L1xx_HAL_Driver/Src/stm32l1xx_hal_rtc.c:1908:19:RTC_ExitInitMode	8	static
../Drivers/STM32L1xx_HAL_Driver/Src/stm32l1xx_hal_rtc.c:254:19:HAL_RTC_Init	8	static
../Drivers/STM32L1xx_HAL_Driver/Src/stm32l1xx_hal_rtc.c:371:19:HAL_RTC_DeInit	16	static
../Drivers/STM32L1xx_HAL_Driver/Src/stm32l1xx_hal_rtc.c:1943:9:RTC_ByteToBcd2	0	static
../Drivers/STM32L1xx_HAL_Driver/Src/stm32l1xx_hal_rtc.c:726:19:HAL_RTC_SetTime	24	static
../Drivers/STM32L1xx_HAL_Driver/Src/stm32l1xx_hal_rtc.c:887:19:HAL_RTC_SetDate	24	static
../Drivers/STM32L1xx_HAL_Driver/Src/stm32l1xx_hal_rtc.c:1034:19:HAL_RTC_SetAlarm	32	static
../Drivers/STM32L1xx_HAL_Driver/Src/stm32l1xx_hal_rtc.c:1242:19:HAL_RTC_SetAlarm_IT	40	static
../Drivers/STM32L1xx_HAL_Driver/Src/stm32l1xx_hal_rtc.c:1961:9:RTC_Bcd2ToByte	0	static
../Drivers/STM32L1xx_HAL_Driver/Src/stm32l1xx_hal_rtc.c:840:19:HAL_RTC_GetTime	16	static
../Drivers/STM32L1xx_HAL_Driver/Src/stm32l1xx_hal_rtc.c:976:19:HAL_RTC_GetDate	16	static
../Drivers/STM32L1xx_HAL_Driver/Src/stm32l1xx_hal_rtc.c:1545:19:HAL_RTC_GetAlarm	24	static
