../Drivers/STM32L1xx_HAL_Driver/Src/stm32l1xx_hal_uart.c:3364:13:UART_EndRxTransfer	0	static,ignoring_inline_asm
../Drivers/STM32L1xx_HAL_Driver/Src/stm32l1xx_hal_uart.c:3725:13:UART_SetConfig	8	static
../Drivers/STM32L1xx_HAL_Driver/Src/stm32l1xx_hal_uart.c:3206:26:UART_WaitOnFlagUntilTimeout.constprop	32	static
../Drivers/STM32L1xx_HAL_Driver/Src/stm32l1xx_hal_uart.c:709:13:HAL_UART_MspInit	0	static
../Drivers/STM32L1xx_HAL_Driver/Src/stm32l1xx_hal_uart.c:353:19:HAL_UART_Init	8	static
../Drivers/STM32L1xx_HAL_Driver/Src/stm32l1xx_hal_uart.c:429:19:HAL_HalfDuplex_Init	8	static
../Drivers/STM32L1xx_HAL_Driver/Src/stm32l1xx_hal_uart.c:503:19:HAL_LIN_Init	16	static
../Drivers/STM32L1xx_HAL_Driver/Src/stm32l1xx_hal_uart.c:585:19:HAL_MultiProcessor_Init	16	static
../Drivers/STM32L1xx_HAL_Driver/Src/stm32l1xx_hal_uart.c:724:13:HAL_UART_MspDeInit	0	static
../Drivers/STM32L1xx_HAL_Driver/Src/stm32l1xx_hal_uart.c:663:19:HAL_UART_DeInit	8	static
../Drivers/STM32L1xx_HAL_Driver/Src/stm32l1xx_hal_uart.c:1129:19:HAL_UART_Transmit	32	static
../Drivers/STM32L1xx_HAL_Driver/Src/stm32l1xx_hal_uart.c:1215:19:HAL_UART_Receive	32	static
../Drivers/STM32L1xx_HAL_Driver/Src/stm32l1xx_hal_uart.c:1302:19:HAL_UART_Transmit_IT	0	static
../Drivers/STM32L1xx_HAL_Driver/Src/stm32l1xx_hal_uart.c:1373:19:HAL_UART_Transmit_DMA	16	static,ignoring_inline_asm
../Drivers/STM32L1xx_HAL_Driver/Src/stm32l1xx_hal_uart.c:1470:19:HAL_UART_DMAPause	0	static,ignoring_inline_asm
../Drivers/STM32L1xx_HAL_Driver/Src/stm32l1xx_hal_uart.c:1501:19:HAL_UART_DMAResume	8	static,ignoring_inline_asm
../Drivers/STM32L1xx_HAL_Driver/Src/stm32l1xx_hal_uart.c:1535:19:HAL_UART_DMAStop	8	static,ignoring_inline_asm
../Drivers/STM32L1xx_HAL_Driver/Src/stm32l1xx_hal_uart.c:1590:19:HAL_UARTEx_ReceiveToIdle	40	static
../Drivers/STM32L1xx_HAL_Driver/Src/stm32l1xx_hal_uart.c:1840:29:HAL_UARTEx_GetRxEventType	0	static
../Drivers/STM32L1xx_HAL_Driver/Src/stm32l1xx_hal_uart.c:1858:19:HAL_UART_Abort	8	static,ignoring_inline_asm
../Drivers/STM32L1xx_HAL_Driver/Src/stm32l1xx_hal_uart.c:1947:19:HAL_UART_AbortTransmit	8	static,ignoring_inline_asm
../Drivers/STM32L1xx_HAL_Driver/Src/stm32l1xx_hal_uart.c:1998:19:HAL_UART_AbortReceive	8	static,ignoring_inline_asm
../Drivers/STM32L1xx_HAL_Driver/Src/stm32l1xx_hal_uart.c:2613:13:HAL_UART_TxCpltCallback	0	static
../Drivers/STM32L1xx_HAL_Driver/Src/stm32l1xx_hal_uart.c:3009:13:UART_DMATransmitCplt	8	static,ignoring_inline_asm
../Drivers/STM32L1xx_HAL_Driver/Src/stm32l1xx_hal_uart.c:2628:13:HAL_UART_TxHalfCpltCallback	0	static
../Drivers/STM32L1xx_HAL_Driver/Src/stm32l1xx_hal_uart.c:3044:13:UART_DMATxHalfCplt	8	static
../Drivers/STM32L1xx_HAL_Driver/Src/stm32l1xx_hal_uart.c:2643:13:HAL_UART_RxCpltCallback	0	static
../Drivers/STM32L1xx_HAL_Driver/Src/stm32l1xx_hal_uart.c:2658:13:HAL_UART_RxHalfCpltCallback	0	static
../Drivers/STM32L1xx_HAL_Driver/Src/stm32l1xx_hal_uart.c:2673:13:HAL_UART_ErrorCallback	0	static
../Drivers/STM32L1xx_HAL_Driver/Src/stm32l1xx_hal_uart.c:3164:13:UART_DMAError	8	static,ignoring_inline_asm
../Drivers/STM32L1xx_HAL_Driver/Src/stm32l1xx_hal_uart.c:3388:13:UART_DMAAbortOnError	8	static
../Drivers/STM32L1xx_HAL_Driver/Src/stm32l1xx_hal_uart.c:2687:13:HAL_UART_AbortCpltCallback	0	static
../Drivers/STM32L1xx_HAL_Driver/Src/stm32l1xx_hal_uart.c:2059:19:HAL_UART_Abort_IT	16	static,ignoring_inline_asm
../Drivers/STM32L1xx_HAL_Driver/Src/stm32l1xx_hal_uart.c:3457:13:UART_DMARxAbortCallback	8	static
../Drivers/STM32L1xx_HAL_Driver/Src/stm32l1xx_hal_uart.c:3411:13:UART_DMATxAbortCallback	8	static
../Drivers/STM32L1xx_HAL_Driver/Src/stm32l1xx_hal_uart.c:2702:13:HAL_UART_AbortTransmitCpltCallback	0	static
../Drivers/STM32L1xx_HAL_Driver/Src/stm32l1xx_hal_uart.c:2194:19:HAL_UART_AbortTransmit_IT	8	static,ignoring_inline_asm
../Drivers/STM32L1xx_HAL_Driver/Src/stm32l1xx_hal_uart.c:3503:13:UART_DMATxOnlyAbortCallback	8	static
../Drivers/STM32L1xx_HAL_Driver/Src/stm32l1xx_hal_uart.c:2717:13:HAL_UART_AbortReceiveCpltCallback	0	static
../Drivers/STM32L1xx_HAL_Driver/Src/stm32l1xx_hal_uart.c:2271:19:HAL_UART_AbortReceive_IT	8	static,ignoring_inline_asm
../Drivers/STM32L1xx_HAL_Driver/Src/stm32l1xx_hal_uart.c:3531:13:UART_DMARxOnlyAbortCallback	8	static
../Drivers/STM32L1xx_HAL_Driver/Src/stm32l1xx_hal_uart.c:2734:13:HAL_UARTEx_RxEventCallback	0	static
../Drivers/STM32L1xx_HAL_Driver/Src/stm32l1xx_hal_uart.c:3125:13:UART_DMARxHalfCplt	8	static
../Drivers/STM32L1xx_HAL_Driver/Src/stm32l1xx_hal_uart.c:3063:13:UART_DMAReceiveCplt	8	static,ignoring_inline_asm
../Drivers/STM32L1xx_HAL_Driver/Src/stm32l1xx_hal_uart.c:3622:26:UART_Receive_IT.isra	16	static,ignoring_inline_asm
../Drivers/STM32L1xx_HAL_Driver/Src/stm32l1xx_hal_uart.c:2349:6:HAL_UART_IRQHandler	24	static,ignoring_inline_asm
../Drivers/STM32L1xx_HAL_Driver/Src/stm32l1xx_hal_uart.c:2774:19:HAL_LIN_SendBreak	0	static,ignoring_inline_asm
../Drivers/STM32L1xx_HAL_Driver/Src/stm32l1xx_hal_uart.c:2801:19:HAL_MultiProcessor_EnterMuteMode	0	static,ignoring_inline_asm
../Drivers/STM32L1xx_HAL_Driver/Src/stm32l1xx_hal_uart.c:2829:19:HAL_MultiProcessor_ExitMuteMode	0	static,ignoring_inline_asm
../Drivers/STM32L1xx_HAL_Driver/Src/stm32l1xx_hal_uart.c:2857:19:HAL_HalfDuplex_EnableTransmitter	0	static
../Drivers/STM32L1xx_HAL_Driver/Src/stm32l1xx_hal_uart.c:2892:19:HAL_HalfDuplex_EnableReceiver	0	static
../Drivers/STM32L1xx_HAL_Driver/Src/stm32l1xx_hal_uart.c:2949:23:HAL_UART_GetState	0	static
../Drivers/STM32L1xx_HAL_Driver/Src/stm32l1xx_hal_uart.c:2964:10:HAL_UART_GetError	0	static
../Drivers/STM32L1xx_HAL_Driver/Src/stm32l1xx_hal_uart.c:3257:19:UART_Start_Receive_IT	0	static
../Drivers/STM32L1xx_HAL_Driver/Src/stm32l1xx_hal_uart.c:1341:19:HAL_UART_Receive_IT	12	static
../Drivers/STM32L1xx_HAL_Driver/Src/stm32l1xx_hal_uart.c:1715:19:HAL_UARTEx_ReceiveToIdle_IT	24	static,ignoring_inline_asm
../Drivers/STM32L1xx_HAL_Driver/Src/stm32l1xx_hal_uart.c:3292:19:UART_Start_Receive_DMA	24	static,ignoring_inline_asm
../Drivers/STM32L1xx_HAL_Driver/Src/stm32l1xx_hal_uart.c:1443:19:HAL_UART_Receive_DMA	12	static
../Drivers/STM32L1xx_HAL_Driver/Src/stm32l1xx_hal_uart.c:1775:19:HAL_UARTEx_ReceiveToIdle_DMA	24	static,ignoring_inline_asm
