Archive member included to satisfy reference by file (symbol)

C:/ST/STM32CubeIDE_1.14.1/STM32CubeIDE/plugins/com.st.stm32cube.ide.mcu.externaltools.gnu-tools-for-stm32.13.3.rel1.win32_1.0.0.202411081344/tools/bin/../lib/gcc/arm-none-eabi/13.3.1/../../../../arm-none-eabi/lib/thumb/v7-m/nofp\libc_nano.a(libc_a-exit.o)
                              C:/ST/STM32CubeIDE_1.14.1/STM32CubeIDE/plugins/com.st.stm32cube.ide.mcu.externaltools.gnu-tools-for-stm32.13.3.rel1.win32_1.0.0.202411081344/tools/bin/../lib/gcc/arm-none-eabi/13.3.1/../../../../arm-none-eabi/lib/thumb/v7-m/nofp/crt0.o (exit)
C:/ST/STM32CubeIDE_1.14.1/STM32CubeIDE/plugins/com.st.stm32cube.ide.mcu.externaltools.gnu-tools-for-stm32.13.3.rel1.win32_1.0.0.202411081344/tools/bin/../lib/gcc/arm-none-eabi/13.3.1/../../../../arm-none-eabi/lib/thumb/v7-m/nofp\libc_nano.a(libc_a-findfp.o)
                              C:/ST/STM32CubeIDE_1.14.1/STM32CubeIDE/plugins/com.st.stm32cube.ide.mcu.externaltools.gnu-tools-for-stm32.13.3.rel1.win32_1.0.0.202411081344/tools/bin/../lib/gcc/arm-none-eabi/13.3.1/../../../../arm-none-eabi/lib/thumb/v7-m/nofp\libc_nano.a(libc_a-exit.o) (__stdio_exit_handler)
C:/ST/STM32CubeIDE_1.14.1/STM32CubeIDE/plugins/com.st.stm32cube.ide.mcu.externaltools.gnu-tools-for-stm32.13.3.rel1.win32_1.0.0.202411081344/tools/bin/../lib/gcc/arm-none-eabi/13.3.1/../../../../arm-none-eabi/lib/thumb/v7-m/nofp\libc_nano.a(libc_a-fwalk.o)
                              C:/ST/STM32CubeIDE_1.14.1/STM32CubeIDE/plugins/com.st.stm32cube.ide.mcu.externaltools.gnu-tools-for-stm32.13.3.rel1.win32_1.0.0.202411081344/tools/bin/../lib/gcc/arm-none-eabi/13.3.1/../../../../arm-none-eabi/lib/thumb/v7-m/nofp\libc_nano.a(libc_a-findfp.o) (_fwalk_sglue)
C:/ST/STM32CubeIDE_1.14.1/STM32CubeIDE/plugins/com.st.stm32cube.ide.mcu.externaltools.gnu-tools-for-stm32.13.3.rel1.win32_1.0.0.202411081344/tools/bin/../lib/gcc/arm-none-eabi/13.3.1/../../../../arm-none-eabi/lib/thumb/v7-m/nofp\libc_nano.a(libc_a-snprintf.o)
                              ./Core/Src/sd.o (snprintf)
C:/ST/STM32CubeIDE_1.14.1/STM32CubeIDE/plugins/com.st.stm32cube.ide.mcu.externaltools.gnu-tools-for-stm32.13.3.rel1.win32_1.0.0.202411081344/tools/bin/../lib/gcc/arm-none-eabi/13.3.1/../../../../arm-none-eabi/lib/thumb/v7-m/nofp\libc_nano.a(libc_a-sprintf.o)
                              ./Core/Src/interface.o (sprintf)
C:/ST/STM32CubeIDE_1.14.1/STM32CubeIDE/plugins/com.st.stm32cube.ide.mcu.externaltools.gnu-tools-for-stm32.13.3.rel1.win32_1.0.0.202411081344/tools/bin/../lib/gcc/arm-none-eabi/13.3.1/../../../../arm-none-eabi/lib/thumb/v7-m/nofp\libc_nano.a(libc_a-stdio.o)
                              C:/ST/STM32CubeIDE_1.14.1/STM32CubeIDE/plugins/com.st.stm32cube.ide.mcu.externaltools.gnu-tools-for-stm32.13.3.rel1.win32_1.0.0.202411081344/tools/bin/../lib/gcc/arm-none-eabi/13.3.1/../../../../arm-none-eabi/lib/thumb/v7-m/nofp\libc_nano.a(libc_a-findfp.o) (__sread)
C:/ST/STM32CubeIDE_1.14.1/STM32CubeIDE/plugins/com.st.stm32cube.ide.mcu.externaltools.gnu-tools-for-stm32.13.3.rel1.win32_1.0.0.202411081344/tools/bin/../lib/gcc/arm-none-eabi/13.3.1/../../../../arm-none-eabi/lib/thumb/v7-m/nofp\libc_nano.a(libc_a-vsnprintf.o)
                              ./Core/Src/komunikacjaPC2.o (vsnprintf)
C:/ST/STM32CubeIDE_1.14.1/STM32CubeIDE/plugins/com.st.stm32cube.ide.mcu.externaltools.gnu-tools-for-stm32.13.3.rel1.win32_1.0.0.202411081344/tools/bin/../lib/gcc/arm-none-eabi/13.3.1/../../../../arm-none-eabi/lib/thumb/v7-m/nofp\libc_nano.a(libc_a-memset.o)
                              C:/ST/STM32CubeIDE_1.14.1/STM32CubeIDE/plugins/com.st.stm32cube.ide.mcu.externaltools.gnu-tools-for-stm32.13.3.rel1.win32_1.0.0.202411081344/tools/bin/../lib/gcc/arm-none-eabi/13.3.1/../../../../arm-none-eabi/lib/thumb/v7-m/nofp/crt0.o (memset)
C:/ST/STM32CubeIDE_1.14.1/STM32CubeIDE/plugins/com.st.stm32cube.ide.mcu.externaltools.gnu-tools-for-stm32.13.3.rel1.win32_1.0.0.202411081344/tools/bin/../lib/gcc/arm-none-eabi/13.3.1/../../../../arm-none-eabi/lib/thumb/v7-m/nofp\libc_nano.a(libc_a-closer.o)
                              C:/ST/STM32CubeIDE_1.14.1/STM32CubeIDE/plugins/com.st.stm32cube.ide.mcu.externaltools.gnu-tools-for-stm32.13.3.rel1.win32_1.0.0.202411081344/tools/bin/../lib/gcc/arm-none-eabi/13.3.1/../../../../arm-none-eabi/lib/thumb/v7-m/nofp\libc_nano.a(libc_a-stdio.o) (_close_r)
C:/ST/STM32CubeIDE_1.14.1/STM32CubeIDE/plugins/com.st.stm32cube.ide.mcu.externaltools.gnu-tools-for-stm32.13.3.rel1.win32_1.0.0.202411081344/tools/bin/../lib/gcc/arm-none-eabi/13.3.1/../../../../arm-none-eabi/lib/thumb/v7-m/nofp\libc_nano.a(libc_a-reent.o)
                              C:/ST/STM32CubeIDE_1.14.1/STM32CubeIDE/plugins/com.st.stm32cube.ide.mcu.externaltools.gnu-tools-for-stm32.13.3.rel1.win32_1.0.0.202411081344/tools/bin/../lib/gcc/arm-none-eabi/13.3.1/../../../../arm-none-eabi/lib/thumb/v7-m/nofp\libc_nano.a(libc_a-closer.o) (errno)
[...]
Memory Configuration

Name             Origin             Length             Attributes
RAM              0x20000000         0x00014000         xrw
FLASH            0x08000000         0x00080000         xr
*default*        0x00000000         0xffffffff

Linker script and memory map

LOAD C:/ST/STM32CubeIDE_1.14.1/STM32CubeIDE/plugins/com.st.stm32cube.ide.mcu.externaltools.gnu-tools-for-stm32.13.3.rel1.win32_1.0.0.202411081344/tools/bin/../lib/gcc/arm-none-eabi/13.3.1/thumb/v7-m/nofp/crti.o
LOAD C:/ST/STM32CubeIDE_1.14.1/STM32CubeIDE/plugins/com.st.stm32cube.ide.mcu.externaltools.gnu-tools-for-stm32.13.3.rel1.win32_1.0.0.202411081344/tools/bin/../lib/gcc/arm-none-eabi/13.3.1/thumb/v7-m/nofp/crtbegin.o
LOAD C:/ST/STM32CubeIDE_1.14.1/STM32CubeIDE/plugins/com.st.stm32cube.ide.mcu.externaltools.gnu-tools-for-stm32.13.3.rel1.win32_1.0.0.202411081344/tools/bin/../lib/gcc/arm-none-eabi/13.3.1/../../../../arm-none-eabi/lib/thumb/v7-m/nofp/crt0.o
LOAD ./Core/Src/gpio.o
LOAD ./Core/Src/interface.o
LOAD ./Core/Src/komunikacjaPC2.o
LOAD ./Core/Src/main.o
LOAD ./Core/Src/mystruct.o
LOAD ./Core/Src/rtc.o
LOAD ./Core/Src/sd.o
LOAD ./Core/Src/spi.o
LOAD ./Core/Src/stm32l1xx_hal_msp.o
LOAD ./Core/Src/stm32l1xx_it.o
LOAD ./Core/Src/syscalls.o
LOAD ./Core/Src/sysmem.o
LOAD ./Core/Src/system_stm32l1xx.o
LOAD ./Core/Src/tim.o
LOAD ./Core/Src/usart.o
LOAD ./Core/Startup/startup_stm32l152retx.o
LOAD ./Drivers/STM32L1xx_HAL_Driver/Src/stm32l1xx_hal.o
LOAD ./Drivers/STM32L1xx_HAL_Driver/Src/stm32l1xx_hal_cortex.o
LOAD ./Drivers/STM32L1xx_HAL_Driver/Src/stm32l1xx_hal_dma.o
LOAD ./Drivers/STM32L1xx_HAL_Driver/Src/stm32l1xx_hal_exti.o
LOAD ./Drivers/STM32L1xx_HAL_Driver/Src/stm32l1xx_hal_flash.o
LOAD ./Drivers/STM32L1xx_HAL_Driver/Src/stm32l1xx_hal_flash_ex.o
LOAD ./Drivers/STM32L1xx_HAL_Driver/Src/stm32l1xx_hal_flash_ramfunc.o
LOAD ./Drivers/STM32L1xx_HAL_Driver/Src/stm32l1xx_hal_gpio.o
LOAD ./Drivers/STM32L1xx_HAL_Driver/Src/stm32l1xx_hal_pwr.o
LOAD ./Drivers/STM32L1xx_HAL_Driver/Src/stm32l1xx_hal_pwr_ex.o
LOAD ./Drivers/STM32L1xx_HAL_Driver/Src/stm32l1xx_hal_rcc.o
LOAD ./Drivers/STM32L1xx_HAL_Driver/Src/stm32l1xx_hal_rcc_ex.o
LOAD ./Drivers/STM32L1xx_HAL_Driver/Src/stm32l1xx_hal_rtc.o
LOAD ./Drivers/STM32L1xx_HAL_Driver/Src/stm32l1xx_hal_rtc_ex.o
LOAD ./Drivers/STM32L1xx_HAL_Driver/Src/stm32l1xx_hal_spi.o
LOAD ./Drivers/STM32L1xx_HAL_Driver/Src/stm32l1xx_hal_tim.o
LOAD ./Drivers/STM32L1xx_HAL_Driver/Src/stm32l1xx_hal_tim_ex.o
LOAD ./Drivers/STM32L1xx_HAL_Driver/Src/stm32l1xx_hal_uart.o
LOAD ./FATFS/App/fatfs.o
LOAD ./FATFS/Target/user_diskio.o
LOAD ./FATFS/Target/user_diskio_spi.o
LOAD ./Middlewares/Third_Party/FatFs/src/diskio.o
LOAD ./Middlewares/Third_Party/FatFs/src/ff.o
LOAD ./Middlewares/Third_Party/FatFs/src/ff_gen_drv.o
LOAD ./Middlewares/Third_Party/FatFs/src/option/syscall.o
START GROUP
LOAD C:/ST/STM32CubeIDE_1.14.1/STM32CubeIDE/plugins/com.st.stm32cube.ide.mcu.externaltools.gnu-tools-for-stm32.13.3.rel1.win32_1.0.0.202411081344/tools/bin/../lib/gcc/arm-none-eabi/13.3.1/../../../../arm-none-eabi/lib/thumb/v7-m/nofp\libc_nano.a
LOAD C:/ST/STM32CubeIDE_1.14.1/STM32CubeIDE/plugins/com.st.stm32cube.ide.mcu.externaltools.gnu-tools-for-stm32.13.3.rel1.win32_1.0.0.202411081344/tools/bin/../lib/gcc/arm-none-eabi/13.3.1/../../../../arm-none-eabi/lib/thumb/v7-m/nofp\libm.a
END GROUP
START GROUP
LOAD C:/ST/STM32CubeIDE_1.14.1/STM32CubeIDE/plugins/com.st.stm32cube.ide.mcu.externaltools.gnu-tools-for-stm32.13.3.rel1.win32_1.0.0.202411081344/tools/bin/../lib/gcc/arm-none-eabi/13.3.1/thumb/v7-m/nofp\libgcc.a
LOAD C:/ST/STM32CubeIDE_1.14.1/STM32CubeIDE/plugins/com.st.stm32cube.ide.mcu.externaltools.gnu-tools-for-stm32.13.3.rel1.win32_1.0.0.202411081344/tools/bin/../lib/gcc/arm-none-eabi/13.3.1/../../../../arm-none-eabi/lib/thumb/v7-m/nofp\libc_nano.a
END GROUP
START GROUP
LOAD C:/ST/STM32CubeIDE_1.14.1/STM32CubeIDE/plugins/com.st.stm32cube.ide.mcu.externaltools.gnu-tools-for-stm32.13.3.rel1.win32_1.0.0.202411081344/tools/bin/../lib/gcc/arm-none-eabi/13.3.1/thumb/v7-m/nofp\libgcc.a
LOAD C:/ST/STM32CubeIDE_1.14.1/STM32CubeIDE/plugins/com.st.stm32cube.ide.mcu.externaltools.gnu-tools-for-stm32.13.3.rel1.win32_1.0.0.202411081344/tools/bin/../lib/gcc/arm-none-eabi/13.3.1/../../../../arm-none-eabi/lib/thumb/v7-m/nofp\libc_nano.a
LOAD C:/ST/STM32CubeIDE_1.14.1/STM32CubeIDE/plugins/com.st.stm32cube.ide.mcu.externaltools.gnu-tools-for-stm32.13.3.rel1.win32_1.0.0.202411081344/tools/bin/../lib/gcc/arm-none-eabi/13.3.1/../../../../arm-none-eabi/lib/thumb/v7-m/nofp\libnosys.a
END GROUP
START GROUP
LOAD C:/ST/STM32CubeIDE_1.14.1/STM32CubeIDE/plugins/com.st.stm32cube.ide.mcu.externaltools.gnu-tools-for-stm32.13.3.rel1.win32_1.0.0.202411081344/tools/bin/../lib/gcc/arm-none-eabi/13.3.1/thumb/v7-m/nofp\libgcc.a
LOAD C:/ST/STM32CubeIDE_1.14.1/STM32CubeIDE/plugins/com.st.stm32cube.ide.mcu.externaltools.gnu-tools-for-stm32.13.3.rel1.win32_1.0.0.202411081344/tools/bin/../lib/gcc/arm-none-eabi/13.3.1/../../../../arm-none-eabi/lib/thumb/v7-m/nofp\libc_nano.a
LOAD C:/ST/STM32CubeIDE_1.14.1/STM32CubeIDE/plugins/com.st.stm32cube.ide.mcu.externaltools.gnu-tools-for-stm32.13.3.rel1.win32_1.0.0.202411081344/tools/bin/../lib/gcc/arm-none-eabi/13.3.1/../../../../arm-none-eabi/lib/thumb/v7-m/nofp\libnosys.a
END GROUP
LOAD C:/ST/STM32CubeIDE_1.14.1/STM32CubeIDE/plugins/com.st.stm32cube.ide.mcu.externaltools.gnu-tools-for-stm32.13.3.rel1.win32_1.0.0.202411081344/tools/bin/../lib/gcc/arm-none-eabi/13.3.1/thumb/v7-m/nofp/crtend.o
LOAD C:/ST/STM32CubeIDE_1.14.1/STM32CubeIDE/plugins/com.st.stm32cube.ide.mcu.externaltools.gnu-tools-for-stm32.13.3.rel1.win32_1.0.0.202411081344/tools/bin/../lib/gcc/arm-none-eabi/13.3.1/thumb/v7-m/nofp/crtn.o
                0x20014000                        _estack = (ORIGIN (RAM) + LENGTH (RAM))
                0x00000200                        _Min_Heap_Size = 0x200
                0x00000400                        _Min_Stack_Size = 0x400

.isr_vector     0x08000000      0x13c
                0x08000000                        . = ALIGN (0x4)
 *(.isr_vector)
 .isr_vector    0x08000000      0x13c ./Core/Startup/startup_stm32l152retx.o
                0x08000000                g_pfnVectors
                0x0800013c                        . = ALIGN (0x4)

.text           0x08000140     0x62f4
                0x08000140                        . = ALIGN (0x4)
 *(.text)
 .text          0x08000140       0x40 C:/ST/STM32CubeIDE_1.14.1/STM32CubeIDE/plugins/com.st.stm32cube.ide.mcu.externaltools.gnu-tools-for-stm32.13.3.rel1.win32_1.0.0.202411081344/tools/bin/../lib/gcc/arm-none-eabi/13.3.1/thumb/v7-m/nofp/crtbegin.o
 .text          0x08000180       0x10 C:/ST/STM32CubeIDE_1.14.1/STM32CubeIDE/plugins/com.st.stm32cube.ide.mcu.externaltools.gnu-tools-for-stm32.13.3.rel1.win32_1.0.0.202411081344/tools/bin/../lib/gcc/arm-none-eabi/13.3.1/../../../../arm-none-eabi/lib/thumb/v7-m/nofp\libc_nano.a(libc_a-strlen.o)
                0x08000180                strlen
 .text          0x08000190      0x254 C:/ST/STM32CubeIDE_1.14.1/STM32CubeIDE/plugins/com.st.stm32cube.ide.mcu.externaltools.gnu-tools-for-stm32.13.3.rel1.win32_1.0.0.202411081344/tools/bin/../lib/gcc/arm-none-eabi/13.3.1/thumb/v7-m/nofp\libgcc.a(_arm_muldf3.o)
                0x08000190                __muldf3
                0x08000190                __aeabi_dmul
 .text          0x080003e4      0x378 C:/ST/STM32CubeIDE_1.14.1/STM32CubeIDE/plugins/com.st.stm32cube.ide.mcu.externaltools.gnu-tools-for-stm32.13.3.rel1.win32_1.0.0.202411081344/tools/bin/../lib/gcc/arm-none-eabi/13.3.1/thumb/v7-m/nofp\libgcc.a(_arm_addsubdf3.o)
                0x080003e4                __aeabi_drsub
                0x080003ec                __aeabi_dsub
                0x080003ec                __subdf3
                0x080003f0                __aeabi_dadd
                0x080003f0                __adddf3
                0x08000668                __floatunsidf
                0x08000668                __aeabi_ui2d
                0x08000688                __floatsidf
                0x08000688                __aeabi_i2d
                0x080006ac                __aeabi_f2d
                0x080006ac                __extendsfdf2
                0x080006f0                __floatundidf
                0x080006f0                __aeabi_ul2d
                0x08000700                __floatdidf
                0x08000700                __aeabi_l2d
 .text          0x0800075c       0xa0 C:/ST/STM32CubeIDE_1.14.1/STM32CubeIDE/plugins/com.st.stm32cube.ide.mcu.externaltools.gnu-tools-for-stm32.13.3.rel1.win32_1.0.0.202411081344/tools/bin/../lib/gcc/arm-none-eabi/13.3.1/thumb/v7-m/nofp\libgcc.a(_arm_truncdfsf2.o)
                0x0800075c                __truncdfsf2
                0x0800075c                __aeabi_d2f
 .text          0x080007fc      0x21c C:/ST/STM32CubeIDE_1.14.1/STM32CubeIDE/plugins/com.st.stm32cube.ide.mcu.externaltools.gnu-tools-for-stm32.13.3.rel1.win32_1.0.0.202411081344/tools/bin/../lib/gcc/arm-none-eabi/13.3.1/thumb/v7-m/nofp\libgcc.a(_arm_addsubsf3.o)
                0x080007fc                __aeabi_frsub
                0x08000804                __subsf3
                0x08000804                __aeabi_fsub
                0x08000808                __aeabi_fadd
                0x08000808                __addsf3
                0x08000968                __aeabi_ui2f
                0x08000968                __floatunsisf
                0x08000970                __aeabi_i2f
                0x08000970                __floatsisf
                0x0800098c                __aeabi_ul2f
                0x0800098c                __floatundisf
                0x0800099c                __aeabi_l2f
                0x0800099c                __floatdisf
 .text          0x08000a18       0xec C:/ST/STM32CubeIDE_1.14.1/STM32CubeIDE/plugins/com.st.stm32cube.ide.mcu.externaltools.gnu-tools-for-stm32.13.3.rel1.win32_1.0.0.202411081344/tools/bin/../lib/gcc/arm-none-eabi/13.3.1/thumb/v7-m/nofp\libgcc.a(_arm_cmpsf2.o)
                0x08000a18                __gesf2
                0x08000a18                __gtsf2
                0x08000a20                __lesf2
                0x08000a20                __ltsf2
                0x08000a28                __nesf2
                0x08000a28                __eqsf2
                0x08000a28                __cmpsf2
                0x08000a88                __aeabi_cfrcmple
                0x08000a90                __aeabi_cfcmpeq
                0x08000a90                __aeabi_cfcmple
                0x08000aa0                __aeabi_fcmpeq
                0x08000ab4                __aeabi_fcmplt
                0x08000ac8                __aeabi_fcmple
                0x08000adc                __aeabi_fcmpge
                0x08000af0                __aeabi_fcmpgt
 .text          0x08000b04       0x30 C:/ST/STM32CubeIDE_1.14.1/STM32CubeIDE/plugins/com.st.stm32cube.ide.mcu.externaltools.gnu-tools-for-stm32.13.3.rel1.win32_1.0.0.202411081344/tools/bin/../lib/gcc/arm-none-eabi/13.3.1/thumb/v7-m/nofp\libgcc.a(_aeabi_uldivmod.o)
                0x08000b04                __aeabi_uldivmod
 .text          0x08000b34      0x300 C:/ST/STM32CubeIDE_1.14.1/STM32CubeIDE/plugins/com.st.stm32cube.ide.mcu.externaltools.gnu-tools-for-stm32.13.3.rel1.win32_1.0.0.202411081344/tools/bin/../lib/gcc/arm-none-eabi/13.3.1/thumb/v7-m/nofp\libgcc.a(_udivmoddi4.o)
                0x08000b34                __udivmoddi4
 .text          0x08000e34        0x4 C:/ST/STM32CubeIDE_1.14.1/STM32CubeIDE/plugins/com.st.stm32cube.ide.mcu.externaltools.gnu-tools-for-stm32.13.3.rel1.win32_1.0.0.202411081344/tools/bin/../lib/gcc/arm-none-eabi/13.3.1/thumb/v7-m/nofp\libgcc.a(_dvmd_tls.o)
                0x08000e34                __aeabi_idiv0
                0x08000e34                __aeabi_ldiv0
 *(.text*)
 .text.MX_GPIO_Init
                0x08000e38      0x168 ./Core/Src/gpio.o
                0x08000e38                MX_GPIO_Init
 .text.lcdEnablePulse
                0x08000fa0       0x30 ./Core/Src/interface.o
                0x08000fa0                lcdEnablePulse
 .text.lcdSend4Bits
                0x08000fd0       0x48 ./Core/Src/interface.o
                0x08000fd0                lcdSend4Bits
 .text.lcdSendCmnd
                0x08001018       0x3c ./Core/Src/interface.o
                0x08001018                lcdSendCmnd
 .text.lcdSendData
                0x08001054       0x34 ./Core/Src/interface.o
                0x08001054                lcdSendData
 .text.lcdSendString
                0x08001088       0x12 ./Core/Src/interface.o
                0x08001088                lcdSendString
 *fill*         0x0800109a        0x2 
 .text.lcdDisplayMeasurement
                0x0800109c       0x64 ./Core/Src/interface.o
                0x0800109c                lcdDisplayMeasurement
 .text.lcdDisplaySetpoint
                0x08001100       0x48 ./Core/Src/interface.o
                0x08001100                lcdDisplaySetpoint
 .text.lcdDisplayMode
                0x08001148       0x48 ./Core/Src/interface.o
                0x08001148                lcdDisplayMode
 .text.lcdInit  0x08001190       0x60 ./Core/Src/interface.o
                0x08001190                lcdInit
 .text.HAL_GPIO_EXTI_Callback
                0x080011f0      0x20c ./Core/Src/interface.o
                0x080011f0                HAL_GPIO_EXTI_Callback
 .text.lcdCheckForUpdate
                0x080013fc      0x35c ./Core/Src/interface.o
                0x080013fc                lcdCheckForUpdate
 .text.myprintf
                0x08001758       0x40 ./Core/Src/komunikacjaPC2.o
                0x08001758                myprintf
 .text.HAL_UART_RxCpltCallback
                0x08001798       0x4c ./Core/Src/komunikacjaPC2.o
                0x08001798                HAL_UART_RxCpltCallback
 .text.calculateCrc
                0x080017e4       0x1e ./Core/Src/komunikacjaPC2.o
                0x080017e4                calculateCrc
 *fill*         0x08001802        0x2 
 .text.createDummyData
                0x08001804       0x64 ./Core/Src/komunikacjaPC2.o
                0x08001804                createDummyData
 .text.saveDataToStruct
                0x08001868       0x4c ./Core/Src/komunikacjaPC2.o
                0x08001868                saveDataToStruct
 .text.checkForData
                0x080018b4       0xa0 ./Core/Src/komunikacjaPC2.o
                0x080018b4                checkForData
 .text.SystemClock_Config
                0x08001954       0x94 ./Core/Src/main.o
                0x08001954                SystemClock_Config
 .text.startup.main
                0x080019e8       0xa0 ./Core/Src/main.o
                0x080019e8                main
 .text.HAL_TIM_PeriodElapsedCallback
                0x08001a88       0x14 ./Core/Src/main.o
                0x08001a88                HAL_TIM_PeriodElapsedCallback
 .text.Error_Handler
                0x08001a9c        0x4 ./Core/Src/main.o
                0x08001a9c                Error_Handler
 .text.MX_RTC_Init
                0x08001aa0       0x84 ./Core/Src/rtc.o
                0x08001aa0                MX_RTC_Init
 .text.HAL_RTC_MspInit
                0x08001b24       0x1c ./Core/Src/rtc.o
                0x08001b24                HAL_RTC_MspInit
 .text.sd_attach
                0x08001b40       0x10 ./Core/Src/sd.o
                0x08001b40                sd_attach
 .text.sd_dettach
                0x08001b50       0x10 ./Core/Src/sd.o
                0x08001b50                sd_dettach
 .text.getDateTime
                0x08001b60       0x4c ./Core/Src/sd.o
                0x08001b60                getDateTime
 .text.createFolderWithCSV
                0x08001bac       0xec ./Core/Src/sd.o
                0x08001bac                createFolderWithCSV
 .text.writeBufferToCsv
                0x08001c98       0xdc ./Core/Src/sd.o
                0x08001c98                writeBufferToCsv
 .text.addDataToBuffer
                0x08001d74      0x108 ./Core/Src/sd.o
                0x08001d74                addDataToBuffer
 .text.MX_SPI2_Init
                0x08001e7c       0x44 ./Core/Src/spi.o
                0x08001e7c                MX_SPI2_Init
 .text.HAL_SPI_MspInit
                0x08001ec0       0x68 ./Core/Src/spi.o
                0x08001ec0                HAL_SPI_MspInit
 .text.HAL_MspInit
                0x08001f28       0x48 ./Core/Src/stm32l1xx_hal_msp.o
                0x08001f28                HAL_MspInit
 .text.NMI_Handler
                0x08001f70        0x2 ./Core/Src/stm32l1xx_it.o
                0x08001f70                NMI_Handler
 .text.HardFault_Handler
                0x08001f72        0x2 ./Core/Src/stm32l1xx_it.o
                0x08001f72                HardFault_Handler
 .text.MemManage_Handler
                0x08001f74        0x2 ./Core/Src/stm32l1xx_it.o
                0x08001f74                MemManage_Handler
 .text.BusFault_Handler
                0x08001f76        0x2 ./Core/Src/stm32l1xx_it.o
                0x08001f76                BusFault_Handler
 .text.UsageFault_Handler
                0x08001f78        0x2 ./Core/Src/stm32l1xx_it.o
                0x08001f78                UsageFault_Handler
 .text.SVC_Handler
                0x08001f7a        0x2 ./Core/Src/stm32l1xx_it.o
                0x08001f7a                SVC_Handler
 .text.DebugMon_Handler
                0x08001f7c        0x2 ./Core/Src/stm32l1xx_it.o
                0x08001f7c                DebugMon_Handler
 .text.PendSV_Handler
                0x08001f7e        0x2 ./Core/Src/stm32l1xx_it.o
                0x08001f7e                PendSV_Handler
 .text.SysTick_Handler
                0x08001f80        0x4 ./Core/Src/stm32l1xx_it.o
                0x08001f80                SysTick_Handler
 .text.EXTI9_5_IRQHandler
                0x08001f84        0x6 ./Core/Src/stm32l1xx_it.o
                0x08001f84                EXTI9_5_IRQHandler
 *fill*         0x08001f8a        0x2 
 .text.TIM2_IRQHandler
                0x08001f8c        0xc ./Core/Src/stm32l1xx_it.o
                0x08001f8c                TIM2_IRQHandler
 .text.USART2_IRQHandler
                0x08001f98        0xc ./Core/Src/stm32l1xx_it.o
                0x08001f98                USART2_IRQHandler
 .text.EXTI15_10_IRQHandler
                0x08001fa4       0x16 ./Core/Src/stm32l1xx_it.o
                0x08001fa4                EXTI15_10_IRQHandler
 *fill*         0x08001fba        0x2 
 .text._sbrk    0x08001fbc       0x40 ./Core/Src/sysmem.o
                0x08001fbc                _sbrk
 .text.SystemInit
                0x08001ffc        0x2 ./Core/Src/system_stm32l1xx.o
                0x08001ffc                SystemInit
 *fill*         0x08001ffe        0x2 
 .text.MX_TIM2_Init
                0x08002000       0x68 ./Core/Src/tim.o
                0x08002000                MX_TIM2_Init
 .text.HAL_TIM_Base_MspInit
                0x08002068       0x3c ./Core/Src/tim.o
                0x08002068                HAL_TIM_Base_MspInit
 .text.MX_USART2_UART_Init
                0x080020a4       0x38 ./Core/Src/usart.o
                0x080020a4                MX_USART2_UART_Init
 .text.HAL_UART_MspInit
                0x080020dc       0x74 ./Core/Src/usart.o
                0x080020dc                HAL_UART_MspInit
 .text.Reset_Handler
                0x08002150       0x48 ./Core/Startup/startup_stm32l152retx.o
                0x08002150                Reset_Handler
 .text.Default_Handler
                0x08002198        0x2 ./Core/Startup/startup_stm32l152retx.o
                0x08002198                RTC_Alarm_IRQHandler
                0x08002198                EXTI2_IRQHandler
                0x08002198                COMP_ACQ_IRQHandler
                0x08002198                TIM10_IRQHandler
                0x08002198                USB_HP_IRQHandler
                0x08002198                TIM6_IRQHandler
                0x08002198                PVD_IRQHandler
                0x08002198                EXTI3_IRQHandler
                0x08002198                EXTI0_IRQHandler
                0x08002198                I2C2_EV_IRQHandler
                0x08002198                SPI1_IRQHandler
                0x08002198                USB_FS_WKUP_IRQHandler
                0x08002198                DMA2_Channel2_IRQHandler
                0x08002198                DMA1_Channel4_IRQHandler
                0x08002198                ADC1_IRQHandler
                0x08002198                USART3_IRQHandler
                0x08002198                DMA1_Channel7_IRQHandler
                0x08002198                LCD_IRQHandler
                0x08002198                UART5_IRQHandler
                0x08002198                TIM4_IRQHandler
                0x08002198                DMA2_Channel1_IRQHandler
                0x08002198                I2C1_EV_IRQHandler
                0x08002198                DMA1_Channel6_IRQHandler
                0x08002198                UART4_IRQHandler
                0x08002198                DMA2_Channel4_IRQHandler
                0x08002198                TIM3_IRQHandler
                0x08002198                RCC_IRQHandler
                0x08002198                DMA1_Channel1_IRQHandler
                0x08002198                Default_Handler
                0x08002198                TIM7_IRQHandler
                0x08002198                TIM5_IRQHandler
                0x08002198                TIM9_IRQHandler
                0x08002198                TAMPER_STAMP_IRQHandler
                0x08002198                RTC_WKUP_IRQHandler
                0x08002198                SPI2_IRQHandler
                0x08002198                DMA2_Channel5_IRQHandler
                0x08002198                DMA1_Channel5_IRQHandler
                0x08002198                USB_LP_IRQHandler
                0x08002198                EXTI4_IRQHandler
                0x08002198                DMA1_Channel3_IRQHandler
                0x08002198                COMP_IRQHandler
                0x08002198                WWDG_IRQHandler
                0x08002198                DAC_IRQHandler
                0x08002198                EXTI1_IRQHandler
                0x08002198                TIM11_IRQHandler
                0x08002198                I2C2_ER_IRQHandler
                0x08002198                DMA1_Channel2_IRQHandler
                0x08002198                FLASH_IRQHandler
                0x08002198                USART1_IRQHandler
                0x08002198                SPI3_IRQHandler
                0x08002198                I2C1_ER_IRQHandler
                0x08002198                DMA2_Channel3_IRQHandler
 *fill*         0x0800219a        0x2 
 .text.HAL_InitTick
                0x0800219c       0x4c ./Drivers/STM32L1xx_HAL_Driver/Src/stm32l1xx_hal.o
                0x0800219c                HAL_InitTick
 .text.HAL_Init
                0x080021e8       0x1e ./Drivers/STM32L1xx_HAL_Driver/Src/stm32l1xx_hal.o
                0x080021e8                HAL_Init
 *fill*         0x08002206        0x2 
 .text.HAL_IncTick
                0x08002208       0x18 ./Drivers/STM32L1xx_HAL_Driver/Src/stm32l1xx_hal.o
                0x08002208                HAL_IncTick
 .text.HAL_GetTick
                0x08002220        0xc ./Drivers/STM32L1xx_HAL_Driver/Src/stm32l1xx_hal.o
                0x08002220                HAL_GetTick
 .text.HAL_Delay
                0x0800222c       0x24 ./Drivers/STM32L1xx_HAL_Driver/Src/stm32l1xx_hal.o
                0x0800222c                HAL_Delay
 .text.HAL_NVIC_SetPriorityGrouping
                0x08002250       0x24 ./Drivers/STM32L1xx_HAL_Driver/Src/stm32l1xx_hal_cortex.o
                0x08002250                HAL_NVIC_SetPriorityGrouping
 .text.HAL_NVIC_SetPriority
                0x08002274       0x60 ./Drivers/STM32L1xx_HAL_Driver/Src/stm32l1xx_hal_cortex.o
                0x08002274                HAL_NVIC_SetPriority
 .text.HAL_NVIC_EnableIRQ
                0x080022d4       0x1c ./Drivers/STM32L1xx_HAL_Driver/Src/stm32l1xx_hal_cortex.o
                0x080022d4                HAL_NVIC_EnableIRQ
 .text.HAL_SYSTICK_Config
                0x080022f0       0x28 ./Drivers/STM32L1xx_HAL_Driver/Src/stm32l1xx_hal_cortex.o
                0x080022f0                HAL_SYSTICK_Config
 .text.HAL_DMA_Abort
                0x08002318       0x42 ./Drivers/STM32L1xx_HAL_Driver/Src/stm32l1xx_hal_dma.o
                0x08002318                HAL_DMA_Abort
 .text.HAL_DMA_Abort_IT
                0x0800235a       0x48 ./Drivers/STM32L1xx_HAL_Driver/Src/stm32l1xx_hal_dma.o
                0x0800235a                HAL_DMA_Abort_IT
 *fill*         0x080023a2        0x2 
 .text.HAL_GPIO_Init
                0x080023a4      0x1a4 ./Drivers/STM32L1xx_HAL_Driver/Src/stm32l1xx_hal_gpio.o
                0x080023a4                HAL_GPIO_Init
 .text.HAL_GPIO_ReadPin
                0x08002548        0xc ./Drivers/STM32L1xx_HAL_Driver/Src/stm32l1xx_hal_gpio.o
                0x08002548                HAL_GPIO_ReadPin
 .text.HAL_GPIO_WritePin
                0x08002554        0xa ./Drivers/STM32L1xx_HAL_Driver/Src/stm32l1xx_hal_gpio.o
                0x08002554                HAL_GPIO_WritePin
 .text.HAL_GPIO_TogglePin
                0x0800255e       0x12 ./Drivers/STM32L1xx_HAL_Driver/Src/stm32l1xx_hal_gpio.o
                0x0800255e                HAL_GPIO_TogglePin
 .text.HAL_GPIO_EXTI_IRQHandler
                0x08002570       0x18 ./Drivers/STM32L1xx_HAL_Driver/Src/stm32l1xx_hal_gpio.o
                0x08002570                HAL_GPIO_EXTI_IRQHandler
 .text.RCC_SetFlashLatencyFromMSIRange
                0x08002588       0x80 ./Drivers/STM32L1xx_HAL_Driver/Src/stm32l1xx_hal_rcc.o
 .text.HAL_RCC_OscConfig
                0x08002608      0x438 ./Drivers/STM32L1xx_HAL_Driver/Src/stm32l1xx_hal_rcc.o
                0x08002608                HAL_RCC_OscConfig
 .text.HAL_RCC_GetSysClockFreq
                0x08002a40       0x68 ./Drivers/STM32L1xx_HAL_Driver/Src/stm32l1xx_hal_rcc.o
                0x08002a40                HAL_RCC_GetSysClockFreq
 .text.HAL_RCC_ClockConfig
                0x08002aa8      0x184 ./Drivers/STM32L1xx_HAL_Driver/Src/stm32l1xx_hal_rcc.o
                0x08002aa8                HAL_RCC_ClockConfig
 .text.HAL_RCC_GetPCLK1Freq
                0x08002c2c       0x20 ./Drivers/STM32L1xx_HAL_Driver/Src/stm32l1xx_hal_rcc.o
                0x08002c2c                HAL_RCC_GetPCLK1Freq
 .text.HAL_RCC_GetPCLK2Freq
                0x08002c4c       0x20 ./Drivers/STM32L1xx_HAL_Driver/Src/stm32l1xx_hal_rcc.o
                0x08002c4c                HAL_RCC_GetPCLK2Freq
 .text.HAL_RCCEx_PeriphCLKConfig
                0x08002c6c      0x154 ./Drivers/STM32L1xx_HAL_Driver/Src/stm32l1xx_hal_rcc_ex.o
                0x08002c6c                HAL_RCCEx_PeriphCLKConfig
 .text.HAL_RTC_WaitForSynchro
                0x08002dc0       0x2e ./Drivers/STM32L1xx_HAL_Driver/Src/stm32l1xx_hal_rtc.o
                0x08002dc0                HAL_RTC_WaitForSynchro
 .text.RTC_EnterInitMode
                0x08002dee       0x42 ./Drivers/STM32L1xx_HAL_Driver/Src/stm32l1xx_hal_rtc.o
                0x08002dee                RTC_EnterInitMode
 .text.RTC_ExitInitMode
                0x08002e30       0x28 ./Drivers/STM32L1xx_HAL_Driver/Src/stm32l1xx_hal_rtc.o
                0x08002e30                RTC_ExitInitMode
 .text.HAL_RTC_Init
                0x08002e58       0x90 ./Drivers/STM32L1xx_HAL_Driver/Src/stm32l1xx_hal_rtc.o
                0x08002e58                HAL_RTC_Init
 .text.RTC_ByteToBcd2
                0x08002ee8       0x16 ./Drivers/STM32L1xx_HAL_Driver/Src/stm32l1xx_hal_rtc.o
                0x08002ee8                RTC_ByteToBcd2
 .text.HAL_RTC_SetTime
                0x08002efe       0xb4 ./Drivers/STM32L1xx_HAL_Driver/Src/stm32l1xx_hal_rtc.o
                0x08002efe                HAL_RTC_SetTime
 .text.HAL_RTC_SetDate
                0x08002fb2       0x8e ./Drivers/STM32L1xx_HAL_Driver/Src/stm32l1xx_hal_rtc.o
                0x08002fb2                HAL_RTC_SetDate
 .text.RTC_Bcd2ToByte
                0x08003040       0x10 ./Drivers/STM32L1xx_HAL_Driver/Src/stm32l1xx_hal_rtc.o
                0x08003040                RTC_Bcd2ToByte
 .text.HAL_RTC_GetTime
                0x08003050       0x46 ./Drivers/STM32L1xx_HAL_Driver/Src/stm32l1xx_hal_rtc.o
                0x08003050                HAL_RTC_GetTime
 .text.HAL_RTC_GetDate
                0x08003096       0x3a ./Drivers/STM32L1xx_HAL_Driver/Src/stm32l1xx_hal_rtc.o
                0x08003096                HAL_RTC_GetDate
 .text.HAL_RTCEx_SetWakeUpTimer
                0x080030d0       0xaa ./Drivers/STM32L1xx_HAL_Driver/Src/stm32l1xx_hal_rtc_ex.o
                0x080030d0                HAL_RTCEx_SetWakeUpTimer
 *fill*         0x0800317a        0x2 
 .text.SPI_WaitFlagStateUntilTimeout
                0x0800317c       0xb8 ./Drivers/STM32L1xx_HAL_Driver/Src/stm32l1xx_hal_spi.o
 .text.SPI_EndRxTxTransaction
                0x08003234       0x78 ./Drivers/STM32L1xx_HAL_Driver/Src/stm32l1xx_hal_spi.o
 .text.HAL_SPI_Init
                0x080032ac       0xb8 ./Drivers/STM32L1xx_HAL_Driver/Src/stm32l1xx_hal_spi.o
                0x080032ac                HAL_SPI_Init
 .text.HAL_SPI_Transmit
                0x08003364      0x160 ./Drivers/STM32L1xx_HAL_Driver/Src/stm32l1xx_hal_spi.o
                0x08003364                HAL_SPI_Transmit
 .text.HAL_SPI_TransmitReceive
                0x080034c4      0x1f8 ./Drivers/STM32L1xx_HAL_Driver/Src/stm32l1xx_hal_spi.o
                0x080034c4                HAL_SPI_TransmitReceive
 .text.TIM_Base_SetConfig
                0x080036bc       0x70 ./Drivers/STM32L1xx_HAL_Driver/Src/stm32l1xx_hal_tim.o
 .text.HAL_TIM_Base_Init
                0x0800372c       0x48 ./Drivers/STM32L1xx_HAL_Driver/Src/stm32l1xx_hal_tim.o
                0x0800372c                HAL_TIM_Base_Init
 .text.HAL_TIM_Base_Start_IT
                0x08003774       0x54 ./Drivers/STM32L1xx_HAL_Driver/Src/stm32l1xx_hal_tim.o
                0x08003774                HAL_TIM_Base_Start_IT
 .text.HAL_TIM_ConfigClockSource
                0x080037c8      0x14a ./Drivers/STM32L1xx_HAL_Driver/Src/stm32l1xx_hal_tim.o
                0x080037c8                HAL_TIM_ConfigClockSource
 .text.HAL_TIM_OC_DelayElapsedCallback
                0x08003912        0x2 ./Drivers/STM32L1xx_HAL_Driver/Src/stm32l1xx_hal_tim.o
                0x08003912                HAL_TIM_OC_DelayElapsedCallback
 .text.HAL_TIM_IC_CaptureCallback
                0x08003914        0x2 ./Drivers/STM32L1xx_HAL_Driver/Src/stm32l1xx_hal_tim.o
                0x08003914                HAL_TIM_IC_CaptureCallback
 .text.HAL_TIM_PWM_PulseFinishedCallback
                0x08003916        0x2 ./Drivers/STM32L1xx_HAL_Driver/Src/stm32l1xx_hal_tim.o
                0x08003916                HAL_TIM_PWM_PulseFinishedCallback
 .text.HAL_TIM_TriggerCallback
                0x08003918        0x2 ./Drivers/STM32L1xx_HAL_Driver/Src/stm32l1xx_hal_tim.o
                0x08003918                HAL_TIM_TriggerCallback
 .text.HAL_TIM_IRQHandler
                0x0800391a       0xf8 ./Drivers/STM32L1xx_HAL_Driver/Src/stm32l1xx_hal_tim.o
                0x0800391a                HAL_TIM_IRQHandler
 *fill*         0x08003a12        0x2 
 .text.HAL_TIMEx_MasterConfigSynchronization
                0x08003a14       0x5c ./Drivers/STM32L1xx_HAL_Driver/Src/stm32l1xx_hal_tim_ex.o
                0x08003a14                HAL_TIMEx_MasterConfigSynchronization
 .text.UART_EndRxTransfer
                0x08003a70       0x5c ./Drivers/STM32L1xx_HAL_Driver/Src/stm32l1xx_hal_uart.o
 .text.UART_SetConfig
                0x08003acc       0xa8 ./Drivers/STM32L1xx_HAL_Driver/Src/stm32l1xx_hal_uart.o
 .text.UART_WaitOnFlagUntilTimeout.constprop.0
                0x08003b74       0x64 ./Drivers/STM32L1xx_HAL_Driver/Src/stm32l1xx_hal_uart.o
 .text.HAL_UART_Init
                0x08003bd8       0x5e ./Drivers/STM32L1xx_HAL_Driver/Src/stm32l1xx_hal_uart.o
                0x08003bd8                HAL_UART_Init
 .text.HAL_UART_Transmit
                0x08003c36       0x9c ./Drivers/STM32L1xx_HAL_Driver/Src/stm32l1xx_hal_uart.o
                0x08003c36                HAL_UART_Transmit
 .text.HAL_UART_TxCpltCallback
                0x08003cd2        0x2 ./Drivers/STM32L1xx_HAL_Driver/Src/stm32l1xx_hal_uart.o
                0x08003cd2                HAL_UART_TxCpltCallback
 .text.HAL_UART_ErrorCallback
                0x08003cd4        0x2 ./Drivers/STM32L1xx_HAL_Driver/Src/stm32l1xx_hal_uart.o
                0x08003cd4                HAL_UART_ErrorCallback
 .text.UART_DMAAbortOnError
                0x08003cd6        0xe ./Drivers/STM32L1xx_HAL_Driver/Src/stm32l1xx_hal_uart.o
 .text.HAL_UARTEx_RxEventCallback
                0x08003ce4        0x2 ./Drivers/STM32L1xx_HAL_Driver/Src/stm32l1xx_hal_uart.o
                0x08003ce4                HAL_UARTEx_RxEventCallback
 .text.UART_Receive_IT.isra.0
                0x08003ce6       0xb6 ./Drivers/STM32L1xx_HAL_Driver/Src/stm32l1xx_hal_uart.o
 .text.HAL_UART_IRQHandler
                0x08003d9c      0x29c ./Drivers/STM32L1xx_HAL_Driver/Src/stm32l1xx_hal_uart.o
                0x08003d9c                HAL_UART_IRQHandler
 .text.UART_Start_Receive_IT
                0x08004038       0x32 ./Drivers/STM32L1xx_HAL_Driver/Src/stm32l1xx_hal_uart.o
                0x08004038                UART_Start_Receive_IT
 .text.HAL_UART_Receive_IT
                0x0800406a       0x22 ./Drivers/STM32L1xx_HAL_Driver/Src/stm32l1xx_hal_uart.o
                0x0800406a                HAL_UART_Receive_IT
 .text.MX_FATFS_Init
                0x0800408c       0x1c ./FATFS/App/fatfs.o
                0x0800408c                MX_FATFS_Init
 .text.get_fattime
                0x080040a8        0x4 ./FATFS/App/fatfs.o
                0x080040a8                get_fattime
 .text.USER_initialize
                0x080040ac        0x4 ./FATFS/Target/user_diskio.o
                0x080040ac                USER_initialize
 .text.USER_status
                0x080040b0        0x4 ./FATFS/Target/user_diskio.o
                0x080040b0                USER_status
 .text.USER_read
                0x080040b4        0x4 ./FATFS/Target/user_diskio.o
                0x080040b4                USER_read
 .text.USER_write
                0x080040b8        0x4 ./FATFS/Target/user_diskio.o
                0x080040b8                USER_write
 .text.USER_ioctl
                0x080040bc        0x4 ./FATFS/Target/user_diskio.o
                0x080040bc                USER_ioctl
 .text.xchg_spi
                0x080040c0       0x28 ./FATFS/Target/user_diskio_spi.o
 .text.wait_ready
                0x080040e8       0x2a ./FATFS/Target/user_diskio_spi.o
 *fill*         0x08004112        0x2 
 .text.despiselect
                0x08004114       0x1c ./FATFS/Target/user_diskio_spi.o
 .text.spiselect
                0x08004130       0x30 ./FATFS/Target/user_diskio_spi.o
 .text.send_cmd
                0x08004160       0x84 ./FATFS/Target/user_diskio_spi.o
 .text.xmit_datablock
                0x080041e4       0x50 ./FATFS/Target/user_diskio_spi.o
 .text.SPI_Timer_On
                0x08004234       0x1c ./FATFS/Target/user_diskio_spi.o
                0x08004234                SPI_Timer_On
 .text.SPI_Timer_Status
                0x08004250       0x24 ./FATFS/Target/user_diskio_spi.o
                0x08004250                SPI_Timer_Status
 .text.rcvr_datablock
                0x08004274       0x48 ./FATFS/Target/user_diskio_spi.o
 .text.USER_SPI_initialize
                0x080042bc      0x148 ./FATFS/Target/user_diskio_spi.o
                0x080042bc                USER_SPI_initialize
 .text.USER_SPI_status
                0x08004404       0x14 ./FATFS/Target/user_diskio_spi.o
                0x08004404                USER_SPI_status
 .text.USER_SPI_read
                0x08004418       0x80 ./FATFS/Target/user_diskio_spi.o
                0x08004418                USER_SPI_read
 .text.USER_SPI_write
                0x08004498       0xa0 ./FATFS/Target/user_diskio_spi.o
                0x08004498                USER_SPI_write
 .text.USER_SPI_ioctl
                0x08004538      0x1cc ./FATFS/Target/user_diskio_spi.o
                0x08004538                USER_SPI_ioctl
 .text.disk_status
                0x08004704       0x14 ./Middlewares/Third_Party/FatFs/src/diskio.o
                0x08004704                disk_status
 .text.disk_initialize
                0x08004718       0x20 ./Middlewares/Third_Party/FatFs/src/diskio.o
                0x08004718                disk_initialize
 .text.disk_read
                0x08004738       0x1c ./Middlewares/Third_Party/FatFs/src/diskio.o
                0x08004738                disk_read
 .text.disk_write
                0x08004754       0x1c ./Middlewares/Third_Party/FatFs/src/diskio.o
                0x08004754                disk_write
 .text.disk_ioctl
                0x08004770       0x18 ./Middlewares/Third_Party/FatFs/src/diskio.o
                0x08004770                disk_ioctl
 .text.ld_dword
                0x08004788        0x4 ./Middlewares/Third_Party/FatFs/src/ff.o
 .text.st_dword
                0x0800478c       0x10 ./Middlewares/Third_Party/FatFs/src/ff.o
 .text.mem_set  0x0800479c        0xc ./Middlewares/Third_Party/FatFs/src/ff.o
 .text.chk_lock
                0x080047a8       0x74 ./Middlewares/Third_Party/FatFs/src/ff.o
 .text.inc_lock
                0x0800481c       0x84 ./Middlewares/Third_Party/FatFs/src/ff.o
 .text.dec_lock
                0x080048a0       0x3c ./Middlewares/Third_Party/FatFs/src/ff.o
 .text.clear_lock
                0x080048dc       0x1c ./Middlewares/Third_Party/FatFs/src/ff.o
 .text.clust2sect
                0x080048f8       0x16 ./Middlewares/Third_Party/FatFs/src/ff.o
 .text.clmt_clust
                0x0800490e       0x22 ./Middlewares/Third_Party/FatFs/src/ff.o
 .text.get_ldnumber
                0x08004930       0x30 ./Middlewares/Third_Party/FatFs/src/ff.o
 .text.validate
                0x08004960       0x34 ./Middlewares/Third_Party/FatFs/src/ff.o
 .text.sync_window
                0x08004994       0x4a ./Middlewares/Third_Party/FatFs/src/ff.o
 .text.mem_cpy.part.0
                0x080049de       0x12 ./Middlewares/Third_Party/FatFs/src/ff.o
 .text.st_clust
                0x080049f0       0x18 ./Middlewares/Third_Party/FatFs/src/ff.o
 .text.move_window
                0x08004a08       0x32 ./Middlewares/Third_Party/FatFs/src/ff.o
 *fill*         0x08004a3a        0x2 
 .text.check_fs
                0x08004a3c       0x78 ./Middlewares/Third_Party/FatFs/src/ff.o
 .text.find_volume
                0x08004ab4      0x248 ./Middlewares/Third_Party/FatFs/src/ff.o
 .text.put_fat  0x08004cfc       0xf2 ./Middlewares/Third_Party/FatFs/src/ff.o
 .text.sync_fs  0x08004dee       0x96 ./Middlewares/Third_Party/FatFs/src/ff.o
 .text.ld_clust.isra.0
                0x08004e84       0x10 ./Middlewares/Third_Party/FatFs/src/ff.o
 .text.get_fat.isra.0
                0x08004e94       0xac ./Middlewares/Third_Party/FatFs/src/ff.o
 .text.dir_sdi.constprop.0
                0x08004f40       0x70 ./Middlewares/Third_Party/FatFs/src/ff.o
 .text.remove_chain
                0x08004fb0       0x6e ./Middlewares/Third_Party/FatFs/src/ff.o
 .text.create_chain
                0x0800501e       0xb0 ./Middlewares/Third_Party/FatFs/src/ff.o
 .text.dir_next
                0x080050ce       0xec ./Middlewares/Third_Party/FatFs/src/ff.o
 *fill*         0x080051ba        0x2 
 .text.follow_path
                0x080051bc      0x180 ./Middlewares/Third_Party/FatFs/src/ff.o
 .text.dir_register
                0x0800533c       0x62 ./Middlewares/Third_Party/FatFs/src/ff.o
 *fill*         0x0800539e        0x2 
 .text.f_mount  0x080053a0       0x54 ./Middlewares/Third_Party/FatFs/src/ff.o
                0x080053a0                f_mount
 .text.f_open   0x080053f4      0x1fc ./Middlewares/Third_Party/FatFs/src/ff.o
                0x080053f4                f_open
 .text.f_write  0x080055f0      0x196 ./Middlewares/Third_Party/FatFs/src/ff.o
                0x080055f0                f_write
 .text.f_sync   0x08005786       0x96 ./Middlewares/Third_Party/FatFs/src/ff.o
                0x08005786                f_sync
 .text.f_close  0x0800581c       0x22 ./Middlewares/Third_Party/FatFs/src/ff.o
                0x0800581c                f_close
 .text.f_mkdir  0x0800583e      0x152 ./Middlewares/Third_Party/FatFs/src/ff.o
                0x0800583e                f_mkdir
 .text.FATFS_LinkDriverEx
                0x08005990       0x40 ./Middlewares/Third_Party/FatFs/src/ff_gen_drv.o
                0x08005990                FATFS_LinkDriverEx
 .text.FATFS_LinkDriver
                0x080059d0        0x6 ./Middlewares/Third_Party/FatFs/src/ff_gen_drv.o
                0x080059d0                FATFS_LinkDriver
 *fill*         0x080059d6        0x2 
 .text.snprintf
                0x080059d8       0x6c C:/ST/STM32CubeIDE_1.14.1/STM32CubeIDE/plugins/com.st.stm32cube.ide.mcu.externaltools.gnu-tools-for-stm32.13.3.rel1.win32_1.0.0.202411081344/tools/bin/../lib/gcc/arm-none-eabi/13.3.1/../../../../arm-none-eabi/lib/thumb/v7-m/nofp\libc_nano.a(libc_a-snprintf.o)
                0x080059d8                sniprintf
                0x080059d8                snprintf
 .text.sprintf  0x08005a44       0x44 C:/ST/STM32CubeIDE_1.14.1/STM32CubeIDE/plugins/com.st.stm32cube.ide.mcu.externaltools.gnu-tools-for-stm32.13.3.rel1.win32_1.0.0.202411081344/tools/bin/../lib/gcc/arm-none-eabi/13.3.1/../../../../arm-none-eabi/lib/thumb/v7-m/nofp\libc_nano.a(libc_a-sprintf.o)
                0x08005a44                siprintf
                0x08005a44                sprintf
 .text._vsnprintf_r
                0x08005a88       0x5c C:/ST/STM32CubeIDE_1.14.1/STM32CubeIDE/plugins/com.st.stm32cube.ide.mcu.externaltools.gnu-tools-for-stm32.13.3.rel1.win32_1.0.0.202411081344/tools/bin/../lib/gcc/arm-none-eabi/13.3.1/../../../../arm-none-eabi/lib/thumb/v7-m/nofp\libc_nano.a(libc_a-vsnprintf.o)
                0x08005a88                _vsniprintf_r
                0x08005a88                _vsnprintf_r
 .text.vsnprintf
                0x08005ae4       0x1c C:/ST/STM32CubeIDE_1.14.1/STM32CubeIDE/plugins/com.st.stm32cube.ide.mcu.externaltools.gnu-tools-for-stm32.13.3.rel1.win32_1.0.0.202411081344/tools/bin/../lib/gcc/arm-none-eabi/13.3.1/../../../../arm-none-eabi/lib/thumb/v7-m/nofp\libc_nano.a(libc_a-vsnprintf.o)
                0x08005ae4                vsniprintf
                0x08005ae4                vsnprintf
 .text.memset   0x08005b00       0x10 C:/ST/STM32CubeIDE_1.14.1/STM32CubeIDE/plugins/com.st.stm32cube.ide.mcu.externaltools.gnu-tools-for-stm32.13.3.rel1.win32_1.0.0.202411081344/tools/bin/../lib/gcc/arm-none-eabi/13.3.1/../../../../arm-none-eabi/lib/thumb/v7-m/nofp\libc_nano.a(libc_a-memset.o)
                0x08005b00                memset
 .text.__errno  0x08005b10        0xc C:/ST/STM32CubeIDE_1.14.1/STM32CubeIDE/plugins/com.st.stm32cube.ide.mcu.externaltools.gnu-tools-for-stm32.13.3.rel1.win32_1.0.0.202411081344/tools/bin/../lib/gcc/arm-none-eabi/13.3.1/../../../../arm-none-eabi/lib/thumb/v7-m/nofp\libc_nano.a(libc_a-errno.o)
                0x08005b10                __errno
 .text.__libc_init_array
                0x08005b1c       0x48 C:/ST/STM32CubeIDE_1.14.1/STM32CubeIDE/plugins/com.st.stm32cube.ide.mcu.externaltools.gnu-tools-for-stm32.13.3.rel1.win32_1.0.0.202411081344/tools/bin/../lib/gcc/arm-none-eabi/13.3.1/../../../../arm-none-eabi/lib/thumb/v7-m/nofp\libc_nano.a(libc_a-init.o)
                0x08005b1c                __libc_init_array
 .text.__retarget_lock_acquire_recursive
                0x08005b64        0x2 C:/ST/STM32CubeIDE_1.14.1/STM32CubeIDE/plugins/com.st.stm32cube.ide.mcu.externaltools.gnu-tools-for-stm32.13.3.rel1.win32_1.0.0.202411081344/tools/bin/../lib/gcc/arm-none-eabi/13.3.1/../../../../arm-none-eabi/lib/thumb/v7-m/nofp\libc_nano.a(libc_a-lock.o)
                0x08005b64                __retarget_lock_acquire_recursive
 .text.__retarget_lock_release_recursive
                0x08005b66        0x2 C:/ST/STM32CubeIDE_1.14.1/STM32CubeIDE/plugins/com.st.stm32cube.ide.mcu.externaltools.gnu-tools-for-stm32.13.3.rel1.win32_1.0.0.202411081344/tools/bin/../lib/gcc/arm-none-eabi/13.3.1/../../../../arm-none-eabi/lib/thumb/v7-m/nofp\libc_nano.a(libc_a-lock.o)
                0x08005b66                __retarget_lock_release_recursive
 .text.memcpy   0x08005b68       0x1c C:/ST/STM32CubeIDE_1.14.1/STM32CubeIDE/plugins/com.st.stm32cube.ide.mcu.externaltools.gnu-tools-for-stm32.13.3.rel1.win32_1.0.0.202411081344/tools/bin/../lib/gcc/arm-none-eabi/13.3.1/../../../../arm-none-eabi/lib/thumb/v7-m/nofp\libc_nano.a(libc_a-memcpy-stub.o)
                0x08005b68                memcpy
 .text._free_r  0x08005b84       0x90 C:/ST/STM32CubeIDE_1.14.1/STM32CubeIDE/plugins/com.st.stm32cube.ide.mcu.externaltools.gnu-tools-for-stm32.13.3.rel1.win32_1.0.0.202411081344/tools/bin/../lib/gcc/arm-none-eabi/13.3.1/../../../../arm-none-eabi/lib/thumb/v7-m/nofp\libc_nano.a(libc_a-freer.o)
                0x08005b84                _free_r
 .text.sbrk_aligned
                0x08005c14       0x44 C:/ST/STM32CubeIDE_1.14.1/STM32CubeIDE/plugins/com.st.stm32cube.ide.mcu.externaltools.gnu-tools-for-stm32.13.3.rel1.win32_1.0.0.202411081344/tools/bin/../lib/gcc/arm-none-eabi/13.3.1/../../../../arm-none-eabi/lib/thumb/v7-m/nofp\libc_nano.a(libc_a-mallocr.o)
 .text._malloc_r
                0x08005c58      0x100 C:/ST/STM32CubeIDE_1.14.1/STM32CubeIDE/plugins/com.st.stm32cube.ide.mcu.externaltools.gnu-tools-for-stm32.13.3.rel1.win32_1.0.0.202411081344/tools/bin/../lib/gcc/arm-none-eabi/13.3.1/../../../../arm-none-eabi/lib/thumb/v7-m/nofp\libc_nano.a(libc_a-mallocr.o)
                0x08005c58                _malloc_r
 .text.__malloc_lock
                0x08005d58        0xc C:/ST/STM32CubeIDE_1.14.1/STM32CubeIDE/plugins/com.st.stm32cube.ide.mcu.externaltools.gnu-tools-for-stm32.13.3.rel1.win32_1.0.0.202411081344/tools/bin/../lib/gcc/arm-none-eabi/13.3.1/../../../../arm-none-eabi/lib/thumb/v7-m/nofp\libc_nano.a(libc_a-mlock.o)
                0x08005d58                __malloc_lock
 .text.__malloc_unlock
                0x08005d64        0xc C:/ST/STM32CubeIDE_1.14.1/STM32CubeIDE/plugins/com.st.stm32cube.ide.mcu.externaltools.gnu-tools-for-stm32.13.3.rel1.win32_1.0.0.202411081344/tools/bin/../lib/gcc/arm-none-eabi/13.3.1/../../../../arm-none-eabi/lib/thumb/v7-m/nofp\libc_nano.a(libc_a-mlock.o)
                0x08005d64                __malloc_unlock
 .text.__ssputs_r
                0x08005d70       0xb6 C:/ST/STM32CubeIDE_1.14.1/STM32CubeIDE/plugins/com.st.stm32cube.ide.mcu.externaltools.gnu-tools-for-stm32.13.3.rel1.win32_1.0.0.202411081344/tools/bin/../lib/gcc/arm-none-eabi/13.3.1/../../../../arm-none-eabi/lib/thumb/v7-m/nofp\libc_nano.a(libc_a-nano-svfprintf.o)
                0x08005d70                __ssputs_r
 *fill*         0x08005e26        0x2 
 .text._svfprintf_r
                0x08005e28      0x1f8 C:/ST/STM32CubeIDE_1.14.1/STM32CubeIDE/plugins/com.st.stm32cube.ide.mcu.externaltools.gnu-tools-for-stm32.13.3.rel1.win32_1.0.0.202411081344/tools/bin/../lib/gcc/arm-none-eabi/13.3.1/../../../../arm-none-eabi/lib/thumb/v7-m/nofp\libc_nano.a(libc_a-nano-svfprintf.o)
                0x08005e28                _svfiprintf_r
                0x08005e28                _svfprintf_r
 .text._printf_common
                0x08006020       0xe4 C:/ST/STM32CubeIDE_1.14.1/STM32CubeIDE/plugins/com.st.stm32cube.ide.mcu.externaltools.gnu-tools-for-stm32.13.3.rel1.win32_1.0.0.202411081344/tools/bin/../lib/gcc/arm-none-eabi/13.3.1/../../../../arm-none-eabi/lib/thumb/v7-m/nofp\libc_nano.a(libc_a-nano-vfprintf_i.o)
                0x08006020                _printf_common
 .text._printf_i
                0x08006104      0x23c C:/ST/STM32CubeIDE_1.14.1/STM32CubeIDE/plugins/com.st.stm32cube.ide.mcu.externaltools.gnu-tools-for-stm32.13.3.rel1.win32_1.0.0.202411081344/tools/bin/../lib/gcc/arm-none-eabi/13.3.1/../../../../arm-none-eabi/lib/thumb/v7-m/nofp\libc_nano.a(libc_a-nano-vfprintf_i.o)
                0x08006104                _printf_i
 .text.memmove  0x08006340       0x34 C:/ST/STM32CubeIDE_1.14.1/STM32CubeIDE/plugins/com.st.stm32cube.ide.mcu.externaltools.gnu-tools-for-stm32.13.3.rel1.win32_1.0.0.202411081344/tools/bin/../lib/gcc/arm-none-eabi/13.3.1/../../../../arm-none-eabi/lib/thumb/v7-m/nofp\libc_nano.a(libc_a-memmove.o)
                0x08006340                memmove
 .text._sbrk_r  0x08006374       0x20 C:/ST/STM32CubeIDE_1.14.1/STM32CubeIDE/plugins/com.st.stm32cube.ide.mcu.externaltools.gnu-tools-for-stm32.13.3.rel1.win32_1.0.0.202411081344/tools/bin/../lib/gcc/arm-none-eabi/13.3.1/../../../../arm-none-eabi/lib/thumb/v7-m/nofp\libc_nano.a(libc_a-sbrkr.o)
                0x08006374                _sbrk_r
 .text.memchr   0x08006394       0x1c C:/ST/STM32CubeIDE_1.14.1/STM32CubeIDE/plugins/com.st.stm32cube.ide.mcu.externaltools.gnu-tools-for-stm32.13.3.rel1.win32_1.0.0.202411081344/tools/bin/../lib/gcc/arm-none-eabi/13.3.1/../../../../arm-none-eabi/lib/thumb/v7-m/nofp\libc_nano.a(libc_a-memchr-stub.o)
                0x08006394                memchr
 .text._realloc_r
                0x080063b0       0x5c C:/ST/STM32CubeIDE_1.14.1/STM32CubeIDE/plugins/com.st.stm32cube.ide.mcu.externaltools.gnu-tools-for-stm32.13.3.rel1.win32_1.0.0.202411081344/tools/bin/../lib/gcc/arm-none-eabi/13.3.1/../../../../arm-none-eabi/lib/thumb/v7-m/nofp\libc_nano.a(libc_a-reallocr.o)
                0x080063b0                _realloc_r
 .text._malloc_usable_size_r
                0x0800640c       0x10 C:/ST/STM32CubeIDE_1.14.1/STM32CubeIDE/plugins/com.st.stm32cube.ide.mcu.externaltools.gnu-tools-for-stm32.13.3.rel1.win32_1.0.0.202411081344/tools/bin/../lib/gcc/arm-none-eabi/13.3.1/../../../../arm-none-eabi/lib/thumb/v7-m/nofp\libc_nano.a(libc_a-msizer.o)
                0x0800640c                _malloc_usable_size_r
 *(.glue_7)
 .glue_7        0x0800641c        0x0 linker stubs
 *(.glue_7t)
 .glue_7t       0x0800641c        0x0 linker stubs
 *(.eh_frame)
 .eh_frame      0x0800641c        0x0 C:/ST/STM32CubeIDE_1.14.1/STM32CubeIDE/plugins/com.st.stm32cube.ide.mcu.externaltools.gnu-tools-for-stm32.13.3.rel1.win32_1.0.0.202411081344/tools/bin/../lib/gcc/arm-none-eabi/13.3.1/thumb/v7-m/nofp/crtbegin.o
 *(.init)
 .init          0x0800641c        0x4 C:/ST/STM32CubeIDE_1.14.1/STM32CubeIDE/plugins/com.st.stm32cube.ide.mcu.externaltools.gnu-tools-for-stm32.13.3.rel1.win32_1.0.0.202411081344/tools/bin/../lib/gcc/arm-none-eabi/13.3.1/thumb/v7-m/nofp/crti.o
                0x0800641c                _init
 .init          0x08006420        0x8 C:/ST/STM32CubeIDE_1.14.1/STM32CubeIDE/plugins/com.st.stm32cube.ide.mcu.externaltools.gnu-tools-for-stm32.13.3.rel1.win32_1.0.0.202411081344/tools/bin/../lib/gcc/arm-none-eabi/13.3.1/thumb/v7-m/nofp/crtn.o
 *(.fini)
 .fini          0x08006428        0x4 C:/ST/STM32CubeIDE_1.14.1/STM32CubeIDE/plugins/com.st.stm32cube.ide.mcu.externaltools.gnu-tools-for-stm32.13.3.rel1.win32_1.0.0.202411081344/tools/bin/../lib/gcc/arm-none-eabi/13.3.1/thumb/v7-m/nofp/crti.o
                0x08006428                _fini
 .fini          0x0800642c        0x8 C:/ST/STM32CubeIDE_1.14.1/STM32CubeIDE/plugins/com.st.stm32cube.ide.mcu.externaltools.gnu-tools-for-stm32.13.3.rel1.win32_1.0.0.202411081344/tools/bin/../lib/gcc/arm-none-eabi/13.3.1/thumb/v7-m/nofp/crtn.o
                0x08006434                        . = ALIGN (0x4)
                0x08006434                        _etext = .

.vfp11_veneer   0x08006434        0x0
 .vfp11_veneer  0x08006434        0x0 linker stubs

.v4_bx          0x08006434        0x0
 .v4_bx         0x08006434        0x0 linker stubs

.iplt           0x08006434        0x0
 .iplt          0x08006434        0x0 C:/ST/STM32CubeIDE_1.14.1/STM32CubeIDE/plugins/com.st.stm32cube.ide.mcu.externaltools.gnu-tools-for-stm32.13.3.rel1.win32_1.0.0.202411081344/tools/bin/../lib/gcc/arm-none-eabi/13.3.1/thumb/v7-m/nofp/crtbegin.o

.rodata         0x08006434      0x2b8
                0x08006434                        . = ALIGN (0x4)
 *(.rodata)
 *(.rodata*)
 .rodata.lcdDisplayMeasurement.str1.1
                0x08006434      0x217 ./Core/Src/interface.o
                                  0x7 (size before relaxing)
 .rodata.lcdDisplayMode.str1.1
                0x0800664b        0x8 ./Core/Src/interface.o
 .rodata.lcdCheckForUpdate.str1.1
                0x0800664b       0x11 ./Core/Src/interface.o
 .rodata.saveDataToStruct.str1.1
                0x0800664b       0x21 ./Core/Src/komunikacjaPC2.o
 .rodata.getDateTime.str1.1
                0x0800664b       0x11 ./Core/Src/sd.o
 .rodata.createFolderWithCSV.str1.1
                0x0800664b      0x114 ./Core/Src/sd.o
 .rodata.writeBufferToCsv.str1.1
                0x0800664b       0x3f ./Core/Src/sd.o
 .rodata.addDataToBuffer.str1.1
                0x0800664b       0x34 ./Core/Src/sd.o
 .rodata.APBPrescTable
                0x0800664b        0x8 ./Core/Src/system_stm32l1xx.o
                0x0800664b                APBPrescTable
 .rodata.AHBPrescTable
                0x08006653       0x10 ./Core/Src/system_stm32l1xx.o
                0x08006653                AHBPrescTable
 .rodata.PLLMulTable
                0x08006663        0x9 ./Core/Src/system_stm32l1xx.o
                0x08006663                PLLMulTable
 .rodata.follow_path.str1.1
                0x0800666c        0xf ./Middlewares/Third_Party/FatFs/src/ff.o
 .rodata.ExCvt  0x0800666c       0x80 ./Middlewares/Third_Party/FatFs/src/ff.o
 .rodata._svfprintf_r.str1.1
                0x080066ec       0x11 C:/ST/STM32CubeIDE_1.14.1/STM32CubeIDE/plugins/com.st.stm32cube.ide.mcu.externaltools.gnu-tools-for-stm32.13.3.rel1.win32_1.0.0.202411081344/tools/bin/../lib/gcc/arm-none-eabi/13.3.1/../../../../arm-none-eabi/lib/thumb/v7-m/nofp\libc_nano.a(libc_a-nano-svfprintf.o)
 .rodata._printf_i.str1.1
                0x080066ec       0x22 C:/ST/STM32CubeIDE_1.14.1/STM32CubeIDE/plugins/com.st.stm32cube.ide.mcu.externaltools.gnu-tools-for-stm32.13.3.rel1.win32_1.0.0.202411081344/tools/bin/../lib/gcc/arm-none-eabi/13.3.1/../../../../arm-none-eabi/lib/thumb/v7-m/nofp\libc_nano.a(libc_a-nano-vfprintf_i.o)
                0x08006760                        . = ALIGN (0x4)

.ARM.extab      0x080066ec        0x0
                0x080066ec                        . = ALIGN (0x4)
 *(.ARM.extab* .gnu.linkonce.armextab.*)
                0x080066ec                        . = ALIGN (0x4)

.ARM            0x080066ec        0x8
                0x080066ec                        . = ALIGN (0x4)
                0x080066ec                        __exidx_start = .
 *(.ARM.exidx*)
 .ARM.exidx     0x080066ec        0x8 C:/ST/STM32CubeIDE_1.14.1/STM32CubeIDE/plugins/com.st.stm32cube.ide.mcu.externaltools.gnu-tools-for-stm32.13.3.rel1.win32_1.0.0.202411081344/tools/bin/../lib/gcc/arm-none-eabi/13.3.1/../../../../arm-none-eabi/lib/thumb/v7-m/nofp\libc_nano.a(libc_a-strlen.o)
 .ARM.exidx     0x080066f4        0x0 C:/ST/STM32CubeIDE_1.14.1/STM32CubeIDE/plugins/com.st.stm32cube.ide.mcu.externaltools.gnu-tools-for-stm32.13.3.rel1.win32_1.0.0.202411081344/tools/bin/../lib/gcc/arm-none-eabi/13.3.1/thumb/v7-m/nofp\libgcc.a(_udivmoddi4.o)
                                  0x8 (size before relaxing)
                0x080066f4                        __exidx_end = .
                0x080066f4                        . = ALIGN (0x4)

.preinit_array  0x080066f4        0x0
                0x080066f4                        . = ALIGN (0x4)
                0x080066f4                        PROVIDE (__preinit_array_start = .)
 *(.preinit_array*)
                0x080066f4                        PROVIDE (__preinit_array_end = .)
                0x080066f4                        . = ALIGN (0x4)

.init_array     0x080066f4        0x4
                0x080066f4                        . = ALIGN (0x4)
                0x080066f4                        PROVIDE (__init_array_start = .)
 *(SORT_BY_NAME(.init_array.*))
 *(.init_array*)
 .init_array    0x080066f4        0x4 C:/ST/STM32CubeIDE_1.14.1/STM32CubeIDE/plugins/com.st.stm32cube.ide.mcu.externaltools.gnu-tools-for-stm32.13.3.rel1.win32_1.0.0.202411081344/tools/bin/../lib/gcc/arm-none-eabi/13.3.1/thumb/v7-m/nofp/crtbegin.o
                0x080066f8                        PROVIDE (__init_array_end = .)
                0x080066f8                        . = ALIGN (0x4)

.fini_array     0x080066f8        0x4
                0x080066f8                        . = ALIGN (0x4)
                [!provide]                        PROVIDE (__fini_array_start = .)
 *(SORT_BY_NAME(.fini_array.*))
 *(.fini_array*)
 .fini_array    0x080066f8        0x4 C:/ST/STM32CubeIDE_1.14.1/STM32CubeIDE/plugins/com.st.stm32cube.ide.mcu.externaltools.gnu-tools-for-stm32.13.3.rel1.win32_1.0.0.202411081344/tools/bin/../lib/gcc/arm-none-eabi/13.3.1/thumb/v7-m/nofp/crtbegin.o
                [!provide]                        PROVIDE (__fini_array_end = .)
                0x080066fc                        . = ALIGN (0x4)
                0x080066fc                        _sidata = LOADADDR (.data)

.rel.dyn        0x080066fc        0x0
 .rel.iplt      0x080066fc        0x0 C:/ST/STM32CubeIDE_1.14.1/STM32CubeIDE/plugins/com.st.stm32cube.ide.mcu.externaltools.gnu-tools-for-stm32.13.3.rel1.win32_1.0.0.202411081344/tools/bin/../lib/gcc/arm-none-eabi/13.3.1/thumb/v7-m/nofp/crtbegin.o

.data           0x20000000       0xa8 load address 0x080066fc
                0x20000000                        . = ALIGN (0x4)
                0x20000000                        _sdata = .
 *(.data)
 *(.data*)
 .data.prev_mode.3
                0x20000000        0x1 ./Core/Src/interface.o
 *fill*         0x20000001        0x1 
 .data.multiplyer.6
                0x20000002        0x2 ./Core/Src/interface.o
 .data.temp_4   0x20000004        0x4 ./Core/Src/mystruct.o
                0x20000004                temp_4
 .data.temp_3   0x20000008        0x4 ./Core/Src/mystruct.o
                0x20000008                temp_3
 .data.temp_2   0x2000000c        0x4 ./Core/Src/mystruct.o
                0x2000000c                temp_2
 .data.temp_1   0x20000010        0x4 ./Core/Src/mystruct.o
                0x20000010                temp_1
 .data.logging_speed
                0x20000014        0x4 ./Core/Src/mystruct.o
                0x20000014                logging_speed
 .data.logging_buffer_size
                0x20000018        0x4 ./Core/Src/mystruct.o
                0x20000018                logging_buffer_size
 .data.onOff    0x2000001c        0x4 ./Core/Src/mystruct.o
                0x2000001c                onOff
 .data.mode     0x20000020        0x4 ./Core/Src/mystruct.o
                0x20000020                mode
 .data.dac_output
                0x20000024        0x4 ./Core/Src/mystruct.o
                0x20000024                dac_output
 .data.battery_voltage
                0x20000028        0x4 ./Core/Src/mystruct.o
                0x20000028                battery_voltage
 .data.current  0x2000002c        0x4 ./Core/Src/mystruct.o
                0x2000002c                current
 .data.setpoint
                0x20000030        0x4 ./Core/Src/mystruct.o
                0x20000030                setpoint
 .data.SystemCoreClock
                0x20000034        0x4 ./Core/Src/system_stm32l1xx.o
                0x20000034                SystemCoreClock
 .data.uwTickFreq
                0x20000038        0x4 ./Drivers/STM32L1xx_HAL_Driver/Src/stm32l1xx_hal.o
                0x20000038                uwTickFreq
 .data.uwTickPrio
                0x2000003c        0x4 ./Drivers/STM32L1xx_HAL_Driver/Src/stm32l1xx_hal.o
                0x2000003c                uwTickPrio
 .data.USER_Driver
                0x20000040       0x14 ./FATFS/Target/user_diskio.o
                0x20000040                USER_Driver
 .data.Stat     0x20000054        0x1 ./FATFS/Target/user_diskio_spi.o
 *fill*         0x20000055        0x3 
 .data._impure_ptr
                0x20000058        0x4 C:/ST/STM32CubeIDE_1.14.1/STM32CubeIDE/plugins/com.st.stm32cube.ide.mcu.externaltools.gnu-tools-for-stm32.13.3.rel1.win32_1.0.0.202411081344/tools/bin/../lib/gcc/arm-none-eabi/13.3.1/../../../../arm-none-eabi/lib/thumb/v7-m/nofp\libc_nano.a(libc_a-impure.o)
                0x20000058                _impure_ptr
 .data._impure_data
                0x2000005c       0x4c C:/ST/STM32CubeIDE_1.14.1/STM32CubeIDE/plugins/com.st.stm32cube.ide.mcu.externaltools.gnu-tools-for-stm32.13.3.rel1.win32_1.0.0.202411081344/tools/bin/../lib/gcc/arm-none-eabi/13.3.1/../../../../arm-none-eabi/lib/thumb/v7-m/nofp\libc_nano.a(libc_a-impure.o)
                0x2000005c                _impure_data
 *(.RamFunc)
 *(.RamFunc*)
                0x200000a8                        . = ALIGN (0x4)
                0x200000a8                        _edata = .

.igot.plt       0x200000a8        0x0 load address 0x080067a4
 .igot.plt      0x200000a8        0x0 C:/ST/STM32CubeIDE_1.14.1/STM32CubeIDE/plugins/com.st.stm32cube.ide.mcu.externaltools.gnu-tools-for-stm32.13.3.rel1.win32_1.0.0.202411081344/tools/bin/../lib/gcc/arm-none-eabi/13.3.1/thumb/v7-m/nofp/crtbegin.o
                0x200000a8                        . = ALIGN (0x4)

.bss            0x200000a8    0x109c8 load address 0x080067a4
                0x200000a8                        _sbss = .
                0x200000a8                        __bss_start__ = _sbss
 *(.bss)
 .bss           0x200000a8       0x1c C:/ST/STM32CubeIDE_1.14.1/STM32CubeIDE/plugins/com.st.stm32cube.ide.mcu.externaltools.gnu-tools-for-stm32.13.3.rel1.win32_1.0.0.202411081344/tools/bin/../lib/gcc/arm-none-eabi/13.3.1/thumb/v7-m/nofp/crtbegin.o
 *(.bss*)
 .bss.prev_battery_voltage.0
                0x200000c4        0x4 ./Core/Src/interface.o
 .bss.prev_current.1
                0x200000c8        0x4 ./Core/Src/interface.o
 .bss.prev_onOff.2
                0x200000cc        0x1 ./Core/Src/interface.o
 *fill*         0x200000cd        0x3 
 .bss.prev_setpoint.4
                0x200000d0        0x4 ./Core/Src/interface.o
 .bss.last_sw_change.5
                0x200000d4        0x4 ./Core/Src/interface.o
 .bss.last_clk_change.7
                0x200000d8        0x4 ./Core/Src/interface.o
 .bss.lcd_menu_index
                0x200000dc        0x1 ./Core/Src/interface.o
                0x200000dc                lcd_menu_index
 .bss.lcd_menu_display
                0x200000dd        0x1 ./Core/Src/interface.o
                0x200000dd                lcd_menu_display
 .bss.lcd_change_menu_flag
                0x200000de        0x1 ./Core/Src/interface.o
                0x200000de                lcd_change_menu_flag
 .bss.lcd_trigger_flag
                0x200000df        0x1 ./Core/Src/interface.o
                0x200000df                lcd_trigger_flag
 .bss.lcd_update_flag
                0x200000e0        0x1 ./Core/Src/interface.o
                0x200000e0                lcd_update_flag
 *fill*         0x200000e1        0x3 
 .bss.crc.0     0x200000e4        0x4 ./Core/Src/komunikacjaPC2.o
 .bss.length.1  0x200000e8        0x1 ./Core/Src/komunikacjaPC2.o
 *fill*         0x200000e9        0x1 
 .bss.start_msg.2
                0x200000ea        0x2 ./Core/Src/komunikacjaPC2.o
 .bss.message_flag.3
                0x200000ec        0x1 ./Core/Src/komunikacjaPC2.o
 *fill*         0x200000ed        0x1 
 .bss.read_idx.4
                0x200000ee        0x2 ./Core/Src/komunikacjaPC2.o
 .bss.sd_buffer.5
                0x200000f0      0x100 ./Core/Src/komunikacjaPC2.o
 .bss.uart_idx  0x200001f0        0x2 ./Core/Src/komunikacjaPC2.o
                0x200001f0                uart_idx
 .bss.rx_buffer
                0x200001f2      0x100 ./Core/Src/komunikacjaPC2.o
 .bss.uart_byte
                0x200002f2        0x1 ./Core/Src/komunikacjaPC2.o
                0x200002f2                uart_byte
 *fill*         0x200002f3        0x1 
 .bss.sd_idx.0  0x200002f4        0x2 ./Core/Src/main.o
 .bss.timer_flag
                0x200002f6        0x1 ./Core/Src/main.o
                0x200002f6                timer_flag
 *fill*         0x200002f7        0x1 
 .bss.myData    0x200002f8       0x30 ./Core/Src/mystruct.o
                0x200002f8                myData
 .bss.hrtc      0x20000328       0x20 ./Core/Src/rtc.o
                0x20000328                hrtc
 .bss.file_path.0
                0x20000348       0x30 ./Core/Src/sd.o
 .bss.prev_onOff.1
                0x20000378        0x1 ./Core/Src/sd.o
 .bss.sd_buffer.2
                0x20000379    0x10000 ./Core/Src/sd.o
 *fill*         0x20010379        0x1 
 .bss.sd_buffer_idx.3
                0x2001037a        0x2 ./Core/Src/sd.o
 .bss.sTime     0x2001037c       0x14 ./Core/Src/sd.o
                0x2001037c                sTime
 .bss.sDate     0x20010390        0x4 ./Core/Src/sd.o
                0x20010390                sDate
 .bss.res       0x20010394        0x1 ./Core/Src/sd.o
                0x20010394                res
 *fill*         0x20010395        0x3 
 .bss.file      0x20010398      0x230 ./Core/Src/sd.o
                0x20010398                file
 .bss.fs        0x200105c8      0x230 ./Core/Src/sd.o
                0x200105c8                fs
 .bss.hspi2     0x200107f8       0x58 ./Core/Src/spi.o
                0x200107f8                hspi2
 .bss.__sbrk_heap_end
                0x20010850        0x4 ./Core/Src/sysmem.o
 .bss.htim2     0x20010854       0x40 ./Core/Src/tim.o
                0x20010854                htim2
 .bss.huart2    0x20010894       0x48 ./Core/Src/usart.o
                0x20010894                huart2
 .bss.uwTick    0x200108dc        0x4 ./Drivers/STM32L1xx_HAL_Driver/Src/stm32l1xx_hal.o
                0x200108dc                uwTick
 .bss.USERPath  0x200108e0        0x4 ./FATFS/App/fatfs.o
                0x200108e0                USERPath
 .bss.retUSER   0x200108e4        0x1 ./FATFS/App/fatfs.o
                0x200108e4                retUSER
 *fill*         0x200108e5        0x3 
 .bss.spiTimerTickDelay
                0x200108e8        0x4 ./FATFS/Target/user_diskio_spi.o
                0x200108e8                spiTimerTickDelay
 .bss.spiTimerTickStart
                0x200108ec        0x4 ./FATFS/Target/user_diskio_spi.o
                0x200108ec                spiTimerTickStart
 .bss.CardType  0x200108f0        0x1 ./FATFS/Target/user_diskio_spi.o
 *fill*         0x200108f1        0x3 
 .bss.Files     0x200108f4       0x20 ./Middlewares/Third_Party/FatFs/src/ff.o
 .bss.Fsid      0x20010914        0x2 ./Middlewares/Third_Party/FatFs/src/ff.o
 *fill*         0x20010916        0x2 
 .bss.FatFs     0x20010918        0x4 ./Middlewares/Third_Party/FatFs/src/ff.o
 .bss.disk      0x2001091c        0xc ./Middlewares/Third_Party/FatFs/src/ff_gen_drv.o
                0x2001091c                disk
 .bss.__sf      0x20010928      0x138 C:/ST/STM32CubeIDE_1.14.1/STM32CubeIDE/plugins/com.st.stm32cube.ide.mcu.externaltools.gnu-tools-for-stm32.13.3.rel1.win32_1.0.0.202411081344/tools/bin/../lib/gcc/arm-none-eabi/13.3.1/../../../../arm-none-eabi/lib/thumb/v7-m/nofp\libc_nano.a(libc_a-findfp.o)
                0x20010928                __sf
 .bss.errno     0x20010a60        0x4 C:/ST/STM32CubeIDE_1.14.1/STM32CubeIDE/plugins/com.st.stm32cube.ide.mcu.externaltools.gnu-tools-for-stm32.13.3.rel1.win32_1.0.0.202411081344/tools/bin/../lib/gcc/arm-none-eabi/13.3.1/../../../../arm-none-eabi/lib/thumb/v7-m/nofp\libc_nano.a(libc_a-reent.o)
                0x20010a60                errno
 .bss.__lock___malloc_recursive_mutex
                0x20010a64        0x1 C:/ST/STM32CubeIDE_1.14.1/STM32CubeIDE/plugins/com.st.stm32cube.ide.mcu.externaltools.gnu-tools-for-stm32.13.3.rel1.win32_1.0.0.202411081344/tools/bin/../lib/gcc/arm-none-eabi/13.3.1/../../../../arm-none-eabi/lib/thumb/v7-m/nofp\libc_nano.a(libc_a-lock.o)
                0x20010a64                __lock___malloc_recursive_mutex
 *fill*         0x20010a65        0x3 
 .bss.__malloc_sbrk_start
                0x20010a68        0x4 C:/ST/STM32CubeIDE_1.14.1/STM32CubeIDE/plugins/com.st.stm32cube.ide.mcu.externaltools.gnu-tools-for-stm32.13.3.rel1.win32_1.0.0.202411081344/tools/bin/../lib/gcc/arm-none-eabi/13.3.1/../../../../arm-none-eabi/lib/thumb/v7-m/nofp\libc_nano.a(libc_a-mallocr.o)
                0x20010a68                __malloc_sbrk_start
 .bss.__malloc_free_list
                0x20010a6c        0x4 C:/ST/STM32CubeIDE_1.14.1/STM32CubeIDE/plugins/com.st.stm32cube.ide.mcu.externaltools.gnu-tools-for-stm32.13.3.rel1.win32_1.0.0.202411081344/tools/bin/../lib/gcc/arm-none-eabi/13.3.1/../../../../arm-none-eabi/lib/thumb/v7-m/nofp\libc_nano.a(libc_a-mallocr.o)
                0x20010a6c                __malloc_free_list
 *(COMMON)
                0x20010a70                        . = ALIGN (0x4)
                0x20010a70                        _ebss = .
                0x20010a70                        __bss_end__ = _ebss

._user_heap_stack
                0x20010a70      0x600 load address 0x080067a4
                0x20010a70                        . = ALIGN (0x8)
                [!provide]                        PROVIDE (end = .)
                0x20010a70                        PROVIDE (_end = .)
                0x20010c70                        . = (. + _Min_Heap_Size)
 *fill*         0x20010a70      0x200 
                0x20011070                        . = (. + _Min_Stack_Size)
 *fill*         0x20010c70      0x400 
                0x20011070                        . = ALIGN (0x8)

/DISCARD/
 libc.a(*)
 libm.a(*)
 libgcc.a(*)

.ARM.attributes
                0x00000000       0x29
 *(.ARM.attributes)
 .ARM.attributes
                0x00000000       0x1d C:/ST/STM32CubeIDE_1.14.1/STM32CubeIDE/plugins/com.st.stm32cube.ide.mcu.externaltools.gnu-tools-for-stm32.13.3.rel1.win32_1.0.0.202411081344/tools/bin/../lib/gcc/arm-none-eabi/13.3.1/thumb/v7-m/nofp/crti.o
 .ARM.attributes
                0x0000001d       0x2d C:/ST/STM32CubeIDE_1.14.1/STM32CubeIDE/plugins/com.st.stm32cube.ide.mcu.externaltools.gnu-tools-for-stm32.13.3.rel1.win32_1.0.0.202411081344/tools/bin/../lib/gcc/arm-none-eabi/13.3.1/thumb/v7-m/nofp/crtbegin.o
 .ARM.attributes
                0x0000004a       0x2d ./Core/Src/gpio.o
 .ARM.attributes
                0x00000077       0x2d ./Core/Src/interface.o
 .ARM.attributes
                0x000000a4       0x2d ./Core/Src/komunikacjaPC2.o
 .ARM.attributes
                0x000000d1       0x2d ./Core/Src/main.o
 .ARM.attributes
                0x000000fe       0x2d ./Core/Src/mystruct.o
 .ARM.attributes
                0x0000012b       0x2d ./Core/Src/rtc.o
 .ARM.attributes
                0x00000158       0x2d ./Core/Src/sd.o
 .ARM.attributes
                0x00000185       0x2d ./Core/Src/spi.o
 .ARM.attributes
                0x000001b2       0x2d ./Core/Src/stm32l1xx_hal_msp.o
 .ARM.attributes
                0x000001df       0x2d ./Core/Src/stm32l1xx_it.o
 .ARM.attributes
                0x0000020c       0x2d ./Core/Src/sysmem.o
 .ARM.attributes
                0x00000239       0x2d ./Core/Src/system_stm32l1xx.o
 .ARM.attributes
                0x00000266       0x2d ./Core/Src/tim.o
 .ARM.attributes
                0x00000293       0x2d ./Core/Src/usart.o
 .ARM.attributes
                0x000002c0       0x21 ./Core/Startup/startup_stm32l152retx.o
 .ARM.attributes
                0x000002e1       0x2d ./Drivers/STM32L1xx_HAL_Driver/Src/stm32l1xx_hal.o
 .ARM.attributes
                0x0000030e       0x2d ./Drivers/STM32L1xx_HAL_Driver/Src/stm32l1xx_hal_cortex.o
 .ARM.attributes
                0x0000033b       0x2d ./Drivers/STM32L1xx_HAL_Driver/Src/stm32l1xx_hal_dma.o
 .ARM.attributes
                0x00000368       0x2d ./Drivers/STM32L1xx_HAL_Driver/Src/stm32l1xx_hal_gpio.o
 .ARM.attributes
                0x00000395       0x2d ./Drivers/STM32L1xx_HAL_Driver/Src/stm32l1xx_hal_rcc.o
 .ARM.attributes
                0x000003c2       0x2d ./Drivers/STM32L1xx_HAL_Driver/Src/stm32l1xx_hal_rcc_ex.o
 .ARM.attributes
                0x000003ef       0x2d ./Drivers/STM32L1xx_HAL_Driver/Src/stm32l1xx_hal_rtc.o
 .ARM.attributes
                0x0000041c       0x2d ./Drivers/STM32L1xx_HAL_Driver/Src/stm32l1xx_hal_rtc_ex.o
 .ARM.attributes
                0x00000449       0x2d ./Drivers/STM32L1xx_HAL_Driver/Src/stm32l1xx_hal_spi.o
 .ARM.attributes
                0x00000476       0x2d ./Drivers/STM32L1xx_HAL_Driver/Src/stm32l1xx_hal_tim.o
 .ARM.attributes
                0x000004a3       0x2d ./Drivers/STM32L1xx_HAL_Driver/Src/stm32l1xx_hal_tim_ex.o
 .ARM.attributes
                0x000004d0       0x2d ./Drivers/STM32L1xx_HAL_Driver/Src/stm32l1xx_hal_uart.o
 .ARM.attributes
                0x000004fd       0x2d ./FATFS/App/fatfs.o
 .ARM.attributes
                0x0000052a       0x2d ./FATFS/Target/user_diskio.o
 .ARM.attributes
                0x00000557       0x2d ./FATFS/Target/user_diskio_spi.o
 .ARM.attributes
                0x00000584       0x2d ./Middlewares/Third_Party/FatFs/src/diskio.o
 .ARM.attributes
                0x000005b1       0x2d ./Middlewares/Third_Party/FatFs/src/ff.o
 .ARM.attributes
                0x000005de       0x2d ./Middlewares/Third_Party/FatFs/src/ff_gen_drv.o
 .ARM.attributes
                0x0000060b       0x2d C:/ST/STM32CubeIDE_1.14.1/STM32CubeIDE/plugins/com.st.stm32cube.ide.mcu.externaltools.gnu-tools-for-stm32.13.3.rel1.win32_1.0.0.202411081344/tools/bin/../lib/gcc/arm-none-eabi/13.3.1/../../../../arm-none-eabi/lib/thumb/v7-m/nofp\libc_nano.a(libc_a-findfp.o)
 .ARM.attributes
                0x00000638       0x2d C:/ST/STM32CubeIDE_1.14.1/STM32CubeIDE/plugins/com.st.stm32cube.ide.mcu.externaltools.gnu-tools-for-stm32.13.3.rel1.win32_1.0.0.202411081344/tools/bin/../lib/gcc/arm-none-eabi/13.3.1/../../../../arm-none-eabi/lib/thumb/v7-m/nofp\libc_nano.a(libc_a-snprintf.o)
 .ARM.attributes
                0x00000665       0x2d C:/ST/STM32CubeIDE_1.14.1/STM32CubeIDE/plugins/com.st.stm32cube.ide.mcu.externaltools.gnu-tools-for-stm32.13.3.rel1.win32_1.0.0.202411081344/tools/bin/../lib/gcc/arm-none-eabi/13.3.1/../../../../arm-none-eabi/lib/thumb/v7-m/nofp\libc_nano.a(libc_a-sprintf.o)
 .ARM.attributes
                0x00000692       0x2d C:/ST/STM32CubeIDE_1.14.1/STM32CubeIDE/plugins/com.st.stm32cube.ide.mcu.externaltools.gnu-tools-for-stm32.13.3.rel1.win32_1.0.0.202411081344/tools/bin/../lib/gcc/arm-none-eabi/13.3.1/../../../../arm-none-eabi/lib/thumb/v7-m/nofp\libc_nano.a(libc_a-vsnprintf.o)
 .ARM.attributes
                0x000006bf       0x2d C:/ST/STM32CubeIDE_1.14.1/STM32CubeIDE/plugins/com.st.stm32cube.ide.mcu.externaltools.gnu-tools-for-stm32.13.3.rel1.win32_1.0.0.202411081344/tools/bin/../lib/gcc/arm-none-eabi/13.3.1/../../../../arm-none-eabi/lib/thumb/v7-m/nofp\libc_nano.a(libc_a-memset.o)
 .ARM.attributes
                0x000006ec       0x2d C:/ST/STM32CubeIDE_1.14.1/STM32CubeIDE/plugins/com.st.stm32cube.ide.mcu.externaltools.gnu-tools-for-stm32.13.3.rel1.win32_1.0.0.202411081344/tools/bin/../lib/gcc/arm-none-eabi/13.3.1/../../../../arm-none-eabi/lib/thumb/v7-m/nofp\libc_nano.a(libc_a-reent.o)
 .ARM.attributes
                0x00000719       0x2d C:/ST/STM32CubeIDE_1.14.1/STM32CubeIDE/plugins/com.st.stm32cube.ide.mcu.externaltools.gnu-tools-for-stm32.13.3.rel1.win32_1.0.0.202411081344/tools/bin/../lib/gcc/arm-none-eabi/13.3.1/../../../../arm-none-eabi/lib/thumb/v7-m/nofp\libc_nano.a(libc_a-impure.o)
 .ARM.attributes
                0x00000746       0x2d C:/ST/STM32CubeIDE_1.14.1/STM32CubeIDE/plugins/com.st.stm32cube.ide.mcu.externaltools.gnu-tools-for-stm32.13.3.rel1.win32_1.0.0.202411081344/tools/bin/../lib/gcc/arm-none-eabi/13.3.1/../../../../arm-none-eabi/lib/thumb/v7-m/nofp\libc_nano.a(libc_a-errno.o)
 .ARM.attributes
                0x00000773       0x2d C:/ST/STM32CubeIDE_1.14.1/STM32CubeIDE/plugins/com.st.stm32cube.ide.mcu.externaltools.gnu-tools-for-stm32.13.3.rel1.win32_1.0.0.202411081344/tools/bin/../lib/gcc/arm-none-eabi/13.3.1/../../../../arm-none-eabi/lib/thumb/v7-m/nofp\libc_nano.a(libc_a-init.o)
 .ARM.attributes
                0x000007a0       0x2d C:/ST/STM32CubeIDE_1.14.1/STM32CubeIDE/plugins/com.st.stm32cube.ide.mcu.externaltools.gnu-tools-for-stm32.13.3.rel1.win32_1.0.0.202411081344/tools/bin/../lib/gcc/arm-none-eabi/13.3.1/../../../../arm-none-eabi/lib/thumb/v7-m/nofp\libc_nano.a(libc_a-lock.o)
 .ARM.attributes
                0x000007cd       0x2d C:/ST/STM32CubeIDE_1.14.1/STM32CubeIDE/plugins/com.st.stm32cube.ide.mcu.externaltools.gnu-tools-for-stm32.13.3.rel1.win32_1.0.0.202411081344/tools/bin/../lib/gcc/arm-none-eabi/13.3.1/../../../../arm-none-eabi/lib/thumb/v7-m/nofp\libc_nano.a(libc_a-memcpy-stub.o)
 .ARM.attributes
                0x000007fa       0x17 C:/ST/STM32CubeIDE_1.14.1/STM32CubeIDE/plugins/com.st.stm32cube.ide.mcu.externaltools.gnu-tools-for-stm32.13.3.rel1.win32_1.0.0.202411081344/tools/bin/../lib/gcc/arm-none-eabi/13.3.1/../../../../arm-none-eabi/lib/thumb/v7-m/nofp\libc_nano.a(libc_a-strlen.o)
 .ARM.attributes
                0x00000811       0x2d C:/ST/STM32CubeIDE_1.14.1/STM32CubeIDE/plugins/com.st.stm32cube.ide.mcu.externaltools.gnu-tools-for-stm32.13.3.rel1.win32_1.0.0.202411081344/tools/bin/../lib/gcc/arm-none-eabi/13.3.1/../../../../arm-none-eabi/lib/thumb/v7-m/nofp\libc_nano.a(libc_a-freer.o)
 .ARM.attributes
                0x0000083e       0x2d C:/ST/STM32CubeIDE_1.14.1/STM32CubeIDE/plugins/com.st.stm32cube.ide.mcu.externaltools.gnu-tools-for-stm32.13.3.rel1.win32_1.0.0.202411081344/tools/bin/../lib/gcc/arm-none-eabi/13.3.1/../../../../arm-none-eabi/lib/thumb/v7-m/nofp\libc_nano.a(libc_a-mallocr.o)
 .ARM.attributes
                0x0000086b       0x2d C:/ST/STM32CubeIDE_1.14.1/STM32CubeIDE/plugins/com.st.stm32cube.ide.mcu.externaltools.gnu-tools-for-stm32.13.3.rel1.win32_1.0.0.202411081344/tools/bin/../lib/gcc/arm-none-eabi/13.3.1/../../../../arm-none-eabi/lib/thumb/v7-m/nofp\libc_nano.a(libc_a-mlock.o)
 .ARM.attributes
                0x00000898       0x2d C:/ST/STM32CubeIDE_1.14.1/STM32CubeIDE/plugins/com.st.stm32cube.ide.mcu.externaltools.gnu-tools-for-stm32.13.3.rel1.win32_1.0.0.202411081344/tools/bin/../lib/gcc/arm-none-eabi/13.3.1/../../../../arm-none-eabi/lib/thumb/v7-m/nofp\libc_nano.a(libc_a-nano-svfprintf.o)
 .ARM.attributes
                0x000008c5       0x2d C:/ST/STM32CubeIDE_1.14.1/STM32CubeIDE/plugins/com.st.stm32cube.ide.mcu.externaltools.gnu-tools-for-stm32.13.3.rel1.win32_1.0.0.202411081344/tools/bin/../lib/gcc/arm-none-eabi/13.3.1/../../../../arm-none-eabi/lib/thumb/v7-m/nofp\libc_nano.a(libc_a-nano-vfprintf_i.o)
 .ARM.attributes
                0x000008f2       0x2d C:/ST/STM32CubeIDE_1.14.1/STM32CubeIDE/plugins/com.st.stm32cube.ide.mcu.externaltools.gnu-tools-for-stm32.13.3.rel1.win32_1.0.0.202411081344/tools/bin/../lib/gcc/arm-none-eabi/13.3.1/../../../../arm-none-eabi/lib/thumb/v7-m/nofp\libc_nano.a(libc_a-memmove.o)
 .ARM.attributes
                0x0000091f       0x2d C:/ST/STM32CubeIDE_1.14.1/STM32CubeIDE/plugins/com.st.stm32cube.ide.mcu.externaltools.gnu-tools-for-stm32.13.3.rel1.win32_1.0.0.202411081344/tools/bin/../lib/gcc/arm-none-eabi/13.3.1/../../../../arm-none-eabi/lib/thumb/v7-m/nofp\libc_nano.a(libc_a-sbrkr.o)
 .ARM.attributes
                0x0000094c       0x2d C:/ST/STM32CubeIDE_1.14.1/STM32CubeIDE/plugins/com.st.stm32cube.ide.mcu.externaltools.gnu-tools-for-stm32.13.3.rel1.win32_1.0.0.202411081344/tools/bin/../lib/gcc/arm-none-eabi/13.3.1/../../../../arm-none-eabi/lib/thumb/v7-m/nofp\libc_nano.a(libc_a-memchr-stub.o)
 .ARM.attributes
                0x00000979       0x2d C:/ST/STM32CubeIDE_1.14.1/STM32CubeIDE/plugins/com.st.stm32cube.ide.mcu.externaltools.gnu-tools-for-stm32.13.3.rel1.win32_1.0.0.202411081344/tools/bin/../lib/gcc/arm-none-eabi/13.3.1/../../../../arm-none-eabi/lib/thumb/v7-m/nofp\libc_nano.a(libc_a-reallocr.o)
 .ARM.attributes
                0x000009a6       0x2d C:/ST/STM32CubeIDE_1.14.1/STM32CubeIDE/plugins/com.st.stm32cube.ide.mcu.externaltools.gnu-tools-for-stm32.13.3.rel1.win32_1.0.0.202411081344/tools/bin/../lib/gcc/arm-none-eabi/13.3.1/../../../../arm-none-eabi/lib/thumb/v7-m/nofp\libc_nano.a(libc_a-msizer.o)
 .ARM.attributes
                0x000009d3       0x1d C:/ST/STM32CubeIDE_1.14.1/STM32CubeIDE/plugins/com.st.stm32cube.ide.mcu.externaltools.gnu-tools-for-stm32.13.3.rel1.win32_1.0.0.202411081344/tools/bin/../lib/gcc/arm-none-eabi/13.3.1/thumb/v7-m/nofp\libgcc.a(_arm_muldf3.o)
 .ARM.attributes
                0x000009f0       0x1d C:/ST/STM32CubeIDE_1.14.1/STM32CubeIDE/plugins/com.st.stm32cube.ide.mcu.externaltools.gnu-tools-for-stm32.13.3.rel1.win32_1.0.0.202411081344/tools/bin/../lib/gcc/arm-none-eabi/13.3.1/thumb/v7-m/nofp\libgcc.a(_arm_addsubdf3.o)
 .ARM.attributes
                0x00000a0d       0x1d C:/ST/STM32CubeIDE_1.14.1/STM32CubeIDE/plugins/com.st.stm32cube.ide.mcu.externaltools.gnu-tools-for-stm32.13.3.rel1.win32_1.0.0.202411081344/tools/bin/../lib/gcc/arm-none-eabi/13.3.1/thumb/v7-m/nofp\libgcc.a(_arm_truncdfsf2.o)
 .ARM.attributes
                0x00000a2a       0x1d C:/ST/STM32CubeIDE_1.14.1/STM32CubeIDE/plugins/com.st.stm32cube.ide.mcu.externaltools.gnu-tools-for-stm32.13.3.rel1.win32_1.0.0.202411081344/tools/bin/../lib/gcc/arm-none-eabi/13.3.1/thumb/v7-m/nofp\libgcc.a(_arm_addsubsf3.o)
 .ARM.attributes
                0x00000a47       0x1d C:/ST/STM32CubeIDE_1.14.1/STM32CubeIDE/plugins/com.st.stm32cube.ide.mcu.externaltools.gnu-tools-for-stm32.13.3.rel1.win32_1.0.0.202411081344/tools/bin/../lib/gcc/arm-none-eabi/13.3.1/thumb/v7-m/nofp\libgcc.a(_arm_cmpsf2.o)
 .ARM.attributes
                0x00000a64       0x1d C:/ST/STM32CubeIDE_1.14.1/STM32CubeIDE/plugins/com.st.stm32cube.ide.mcu.externaltools.gnu-tools-for-stm32.13.3.rel1.win32_1.0.0.202411081344/tools/bin/../lib/gcc/arm-none-eabi/13.3.1/thumb/v7-m/nofp\libgcc.a(_aeabi_uldivmod.o)
 .ARM.attributes
                0x00000a81       0x2d C:/ST/STM32CubeIDE_1.14.1/STM32CubeIDE/plugins/com.st.stm32cube.ide.mcu.externaltools.gnu-tools-for-stm32.13.3.rel1.win32_1.0.0.202411081344/tools/bin/../lib/gcc/arm-none-eabi/13.3.1/thumb/v7-m/nofp\libgcc.a(_udivmoddi4.o)
 .ARM.attributes
                0x00000aae       0x1d C:/ST/STM32CubeIDE_1.14.1/STM32CubeIDE/plugins/com.st.stm32cube.ide.mcu.externaltools.gnu-tools-for-stm32.13.3.rel1.win32_1.0.0.202411081344/tools/bin/../lib/gcc/arm-none-eabi/13.3.1/thumb/v7-m/nofp\libgcc.a(_dvmd_tls.o)
 .ARM.attributes
                0x00000acb       0x1d C:/ST/STM32CubeIDE_1.14.1/STM32CubeIDE/plugins/com.st.stm32cube.ide.mcu.externaltools.gnu-tools-for-stm32.13.3.rel1.win32_1.0.0.202411081344/tools/bin/../lib/gcc/arm-none-eabi/13.3.1/thumb/v7-m/nofp/crtn.o
OUTPUT(Projekt_Magisterski_2.elf elf32-littlearm)
LOAD linker stubs
LOAD C:/ST/STM32CubeIDE_1.14.1/STM32CubeIDE/plugins/com.st.stm32cube.ide.mcu.externaltools.gnu-tools-for-stm32.13.3.rel1.win32_1.0.0.202411081344/tools/bin/../lib/gcc/arm-none-eabi/13.3.1/../../../../arm-none-eabi/lib/thumb/v7-m/nofp\libc.a
LOAD C:/ST/STM32CubeIDE_1.14.1/STM32CubeIDE/plugins/com.st.stm32cube.ide.mcu.externaltools.gnu-tools-for-stm32.13.3.rel1.win32_1.0.0.202411081344/tools/bin/../lib/gcc/arm-none-eabi/13.3.1/../../../../arm-none-eabi/lib/thumb/v7-m/nofp\libm.a
LOAD C:/ST/STM32CubeIDE_1.14.1/STM32CubeIDE/plugins/com.st.stm32cube.ide.mcu.externaltools.gnu-tools-for-stm32.13.3.rel1.win32_1.0.0.202411081344/tools/bin/../lib/gcc/arm-none-eabi/13.3.1/thumb/v7-m/nofp\libgcc.a

.comment        0x00000000       0x43
 .comment       0x00000000       0x43 ./Core/Src/gpio.o
                                 0x44 (size before relaxing)
 .comment       0x00000043       0x44 ./Core/Src/interface.o
 .comment       0x00000043       0x44 ./Core/Src/komunikacjaPC2.o
 .comment       0x00000043       0x44 ./Core/Src/main.o
 .comment       0x00000043       0x44 ./Core/Src/mystruct.o
 .comment       0x00000043       0x44 ./Core/Src/rtc.o
 .comment       0x00000043       0x44 ./Core/Src/sd.o
 .comment       0x00000043       0x44 ./Core/Src/spi.o
 .comment       0x00000043       0x44 ./Core/Src/stm32l1xx_hal_msp.o
 .comment       0x00000043       0x44 ./Core/Src/stm32l1xx_it.o
 .comment       0x00000043       0x44 ./Core/Src/sysmem.o
 .comment       0x00000043       0x44 ./Core/Src/system_stm32l1xx.o
 .comment       0x00000043       0x44 ./Core/Src/tim.o
 .comment       0x00000043       0x44 ./Core/Src/usart.o
 .comment       0x00000043       0x44 ./Drivers/STM32L1xx_HAL_Driver/Src/stm32l1xx_hal.o
 .comment       0x00000043       0x44 ./Drivers/STM32L1xx_HAL_Driver/Src/stm32l1xx_hal_cortex.o
 .comment       0x00000043       0x44 ./Drivers/STM32L1xx_HAL_Driver/Src/stm32l1xx_hal_dma.o
 .comment       0x00000043       0x44 ./Drivers/STM32L1xx_HAL_Driver/Src/stm32l1xx_hal_gpio.o
 .comment       0x00000043       0x44 ./Drivers/STM32L1xx_HAL_Driver/Src/stm32l1xx_hal_rcc.o
 .comment       0x00000043       0x44 ./Drivers/STM32L1xx_HAL_Driver/Src/stm32l1xx_hal_rcc_ex.o
 .comment       0x00000043       0x44 ./Drivers/STM32L1xx_HAL_Driver/Src/stm32l1xx_hal_rtc.o
 .comment       0x00000043       0x44 ./Drivers/STM32L1xx_HAL_Driver/Src/stm32l1xx_hal_rtc_ex.o
 .comment       0x00000043       0x44 ./Drivers/STM32L1xx_HAL_Driver/Src/stm32l1xx_hal_spi.o
 .comment       0x00000043       0x44 ./Drivers/STM32L1xx_HAL_Driver/Src/stm32l1xx_hal_tim.o
 .comment       0x00000043       0x44 ./Drivers/STM32L1xx_HAL_Driver/Src/stm32l1xx_hal_tim_ex.o
 .comment       0x00000043       0x44 ./Drivers/STM32L1xx_HAL_Driver/Src/stm32l1xx_hal_uart.o
 .comment       0x00000043       0x44 ./FATFS/App/fatfs.o
 .comment       0x00000043       0x44 ./FATFS/Target/user_diskio.o
 .comment       0x00000043       0x44 ./FATFS/Target/user_diskio_spi.o
 .comment       0x00000043       0x44 ./Middlewares/Third_Party/FatFs/src/diskio.o
 .comment       0x00000043       0x44 ./Middlewares/Third_Party/FatFs/src/ff.o
 .comment       0x00000043       0x44 ./Middlewares/Third_Party/FatFs/src/ff_gen_drv.o

.debug_frame    0x00000000      0x8f0
 .debug_frame   0x00000000      0x144 C:/ST/STM32CubeIDE_1.14.1/STM32CubeIDE/plugins/com.st.stm32cube.ide.mcu.externaltools.gnu-tools-for-stm32.13.3.rel1.win32_1.0.0.202411081344/tools/bin/../lib/gcc/arm-none-eabi/13.3.1/../../../../arm-none-eabi/lib/thumb/v7-m/nofp\libc_nano.a(libc_a-findfp.o)
 .debug_frame   0x00000144       0x7c C:/ST/STM32CubeIDE_1.14.1/STM32CubeIDE/plugins/com.st.stm32cube.ide.mcu.externaltools.gnu-tools-for-stm32.13.3.rel1.win32_1.0.0.202411081344/tools/bin/../lib/gcc/arm-none-eabi/13.3.1/../../../../arm-none-eabi/lib/thumb/v7-m/nofp\libc_nano.a(libc_a-snprintf.o)
 .debug_frame   0x000001c0       0x74 C:/ST/STM32CubeIDE_1.14.1/STM32CubeIDE/plugins/com.st.stm32cube.ide.mcu.externaltools.gnu-tools-for-stm32.13.3.rel1.win32_1.0.0.202411081344/tools/bin/../lib/gcc/arm-none-eabi/13.3.1/../../../../arm-none-eabi/lib/thumb/v7-m/nofp\libc_nano.a(libc_a-sprintf.o)
 .debug_frame   0x00000234       0x4c C:/ST/STM32CubeIDE_1.14.1/STM32CubeIDE/plugins/com.st.stm32cube.ide.mcu.externaltools.gnu-tools-for-stm32.13.3.rel1.win32_1.0.0.202411081344/tools/bin/../lib/gcc/arm-none-eabi/13.3.1/../../../../arm-none-eabi/lib/thumb/v7-m/nofp\libc_nano.a(libc_a-vsnprintf.o)
 .debug_frame   0x00000280       0x20 C:/ST/STM32CubeIDE_1.14.1/STM32CubeIDE/plugins/com.st.stm32cube.ide.mcu.externaltools.gnu-tools-for-stm32.13.3.rel1.win32_1.0.0.202411081344/tools/bin/../lib/gcc/arm-none-eabi/13.3.1/../../../../arm-none-eabi/lib/thumb/v7-m/nofp\libc_nano.a(libc_a-memset.o)
 .debug_frame   0x000002a0       0x38 C:/ST/STM32CubeIDE_1.14.1/STM32CubeIDE/plugins/com.st.stm32cube.ide.mcu.externaltools.gnu-tools-for-stm32.13.3.rel1.win32_1.0.0.202411081344/tools/bin/../lib/gcc/arm-none-eabi/13.3.1/../../../../arm-none-eabi/lib/thumb/v7-m/nofp\libc_nano.a(libc_a-reent.o)
 .debug_frame   0x000002d8       0x20 C:/ST/STM32CubeIDE_1.14.1/STM32CubeIDE/plugins/com.st.stm32cube.ide.mcu.externaltools.gnu-tools-for-stm32.13.3.rel1.win32_1.0.0.202411081344/tools/bin/../lib/gcc/arm-none-eabi/13.3.1/../../../../arm-none-eabi/lib/thumb/v7-m/nofp\libc_nano.a(libc_a-errno.o)
 .debug_frame   0x000002f8       0x2c C:/ST/STM32CubeIDE_1.14.1/STM32CubeIDE/plugins/com.st.stm32cube.ide.mcu.externaltools.gnu-tools-for-stm32.13.3.rel1.win32_1.0.0.202411081344/tools/bin/../lib/gcc/arm-none-eabi/13.3.1/../../../../arm-none-eabi/lib/thumb/v7-m/nofp\libc_nano.a(libc_a-init.o)
 .debug_frame   0x00000324       0xb0 C:/ST/STM32CubeIDE_1.14.1/STM32CubeIDE/plugins/com.st.stm32cube.ide.mcu.externaltools.gnu-tools-for-stm32.13.3.rel1.win32_1.0.0.202411081344/tools/bin/../lib/gcc/arm-none-eabi/13.3.1/../../../../arm-none-eabi/lib/thumb/v7-m/nofp\libc_nano.a(libc_a-lock.o)
 .debug_frame   0x000003d4       0x28 C:/ST/STM32CubeIDE_1.14.1/STM32CubeIDE/plugins/com.st.stm32cube.ide.mcu.externaltools.gnu-tools-for-stm32.13.3.rel1.win32_1.0.0.202411081344/tools/bin/../lib/gcc/arm-none-eabi/13.3.1/../../../../arm-none-eabi/lib/thumb/v7-m/nofp\libc_nano.a(libc_a-memcpy-stub.o)
 .debug_frame   0x000003fc       0x38 C:/ST/STM32CubeIDE_1.14.1/STM32CubeIDE/plugins/com.st.stm32cube.ide.mcu.externaltools.gnu-tools-for-stm32.13.3.rel1.win32_1.0.0.202411081344/tools/bin/../lib/gcc/arm-none-eabi/13.3.1/../../../../arm-none-eabi/lib/thumb/v7-m/nofp\libc_nano.a(libc_a-freer.o)
 .debug_frame   0x00000434       0x50 C:/ST/STM32CubeIDE_1.14.1/STM32CubeIDE/plugins/com.st.stm32cube.ide.mcu.externaltools.gnu-tools-for-stm32.13.3.rel1.win32_1.0.0.202411081344/tools/bin/../lib/gcc/arm-none-eabi/13.3.1/../../../../arm-none-eabi/lib/thumb/v7-m/nofp\libc_nano.a(libc_a-mallocr.o)
 .debug_frame   0x00000484       0x30 C:/ST/STM32CubeIDE_1.14.1/STM32CubeIDE/plugins/com.st.stm32cube.ide.mcu.externaltools.gnu-tools-for-stm32.13.3.rel1.win32_1.0.0.202411081344/tools/bin/../lib/gcc/arm-none-eabi/13.3.1/../../../../arm-none-eabi/lib/thumb/v7-m/nofp\libc_nano.a(libc_a-mlock.o)
 .debug_frame   0x000004b4       0x90 C:/ST/STM32CubeIDE_1.14.1/STM32CubeIDE/plugins/com.st.stm32cube.ide.mcu.externaltools.gnu-tools-for-stm32.13.3.rel1.win32_1.0.0.202411081344/tools/bin/../lib/gcc/arm-none-eabi/13.3.1/../../../../arm-none-eabi/lib/thumb/v7-m/nofp\libc_nano.a(libc_a-nano-svfprintf.o)
 .debug_frame   0x00000544       0x60 C:/ST/STM32CubeIDE_1.14.1/STM32CubeIDE/plugins/com.st.stm32cube.ide.mcu.externaltools.gnu-tools-for-stm32.13.3.rel1.win32_1.0.0.202411081344/tools/bin/../lib/gcc/arm-none-eabi/13.3.1/../../../../arm-none-eabi/lib/thumb/v7-m/nofp\libc_nano.a(libc_a-nano-vfprintf_i.o)
 .debug_frame   0x000005a4       0x28 C:/ST/STM32CubeIDE_1.14.1/STM32CubeIDE/plugins/com.st.stm32cube.ide.mcu.externaltools.gnu-tools-for-stm32.13.3.rel1.win32_1.0.0.202411081344/tools/bin/../lib/gcc/arm-none-eabi/13.3.1/../../../../arm-none-eabi/lib/thumb/v7-m/nofp\libc_nano.a(libc_a-memmove.o)
 .debug_frame   0x000005cc       0x2c C:/ST/STM32CubeIDE_1.14.1/STM32CubeIDE/plugins/com.st.stm32cube.ide.mcu.externaltools.gnu-tools-for-stm32.13.3.rel1.win32_1.0.0.202411081344/tools/bin/../lib/gcc/arm-none-eabi/13.3.1/../../../../arm-none-eabi/lib/thumb/v7-m/nofp\libc_nano.a(libc_a-sbrkr.o)
 .debug_frame   0x000005f8       0x28 C:/ST/STM32CubeIDE_1.14.1/STM32CubeIDE/plugins/com.st.stm32cube.ide.mcu.externaltools.gnu-tools-for-stm32.13.3.rel1.win32_1.0.0.202411081344/tools/bin/../lib/gcc/arm-none-eabi/13.3.1/../../../../arm-none-eabi/lib/thumb/v7-m/nofp\libc_nano.a(libc_a-memchr-stub.o)
 .debug_frame   0x00000620       0x3c C:/ST/STM32CubeIDE_1.14.1/STM32CubeIDE/plugins/com.st.stm32cube.ide.mcu.externaltools.gnu-tools-for-stm32.13.3.rel1.win32_1.0.0.202411081344/tools/bin/../lib/gcc/arm-none-eabi/13.3.1/../../../../arm-none-eabi/lib/thumb/v7-m/nofp\libc_nano.a(libc_a-reallocr.o)
 .debug_frame   0x0000065c       0x20 C:/ST/STM32CubeIDE_1.14.1/STM32CubeIDE/plugins/com.st.stm32cube.ide.mcu.externaltools.gnu-tools-for-stm32.13.3.rel1.win32_1.0.0.202411081344/tools/bin/../lib/gcc/arm-none-eabi/13.3.1/../../../../arm-none-eabi/lib/thumb/v7-m/nofp\libc_nano.a(libc_a-msizer.o)
 .debug_frame   0x0000067c       0x30 C:/ST/STM32CubeIDE_1.14.1/STM32CubeIDE/plugins/com.st.stm32cube.ide.mcu.externaltools.gnu-tools-for-stm32.13.3.rel1.win32_1.0.0.202411081344/tools/bin/../lib/gcc/arm-none-eabi/13.3.1/thumb/v7-m/nofp\libgcc.a(_arm_muldf3.o)
 .debug_frame   0x000006ac       0xac C:/ST/STM32CubeIDE_1.14.1/STM32CubeIDE/plugins/com.st.stm32cube.ide.mcu.externaltools.gnu-tools-for-stm32.13.3.rel1.win32_1.0.0.202411081344/tools/bin/../lib/gcc/arm-none-eabi/13.3.1/thumb/v7-m/nofp\libgcc.a(_arm_addsubdf3.o)
 .debug_frame   0x00000758       0x24 C:/ST/STM32CubeIDE_1.14.1/STM32CubeIDE/plugins/com.st.stm32cube.ide.mcu.externaltools.gnu-tools-for-stm32.13.3.rel1.win32_1.0.0.202411081344/tools/bin/../lib/gcc/arm-none-eabi/13.3.1/thumb/v7-m/nofp\libgcc.a(_arm_truncdfsf2.o)
 .debug_frame   0x0000077c       0x4c C:/ST/STM32CubeIDE_1.14.1/STM32CubeIDE/plugins/com.st.stm32cube.ide.mcu.externaltools.gnu-tools-for-stm32.13.3.rel1.win32_1.0.0.202411081344/tools/bin/../lib/gcc/arm-none-eabi/13.3.1/thumb/v7-m/nofp\libgcc.a(_arm_addsubsf3.o)
 .debug_frame   0x000007c8       0xc8 C:/ST/STM32CubeIDE_1.14.1/STM32CubeIDE/plugins/com.st.stm32cube.ide.mcu.externaltools.gnu-tools-for-stm32.13.3.rel1.win32_1.0.0.202411081344/tools/bin/../lib/gcc/arm-none-eabi/13.3.1/thumb/v7-m/nofp\libgcc.a(_arm_cmpsf2.o)
 .debug_frame   0x00000890       0x2c C:/ST/STM32CubeIDE_1.14.1/STM32CubeIDE/plugins/com.st.stm32cube.ide.mcu.externaltools.gnu-tools-for-stm32.13.3.rel1.win32_1.0.0.202411081344/tools/bin/../lib/gcc/arm-none-eabi/13.3.1/thumb/v7-m/nofp\libgcc.a(_aeabi_uldivmod.o)
 .debug_frame   0x000008bc       0x34 C:/ST/STM32CubeIDE_1.14.1/STM32CubeIDE/plugins/com.st.stm32cube.ide.mcu.externaltools.gnu-tools-for-stm32.13.3.rel1.win32_1.0.0.202411081344/tools/bin/../lib/gcc/arm-none-eabi/13.3.1/thumb/v7-m/nofp\libgcc.a(_udivmoddi4.o)