../Core/Src/interface.c:40:6:lcdEnablePulse	8	static
../Core/Src/interface.c:48:6:lcdSend4Bits	16	static
../Core/Src/interface.c:58:6:lcdSendCmnd	16	static
../Core/Src/interface.c:67:6:lcdInit	8	static
../Core/Src/interface.c:89:6:lcdSendData	16	static
../Core/Src/interface.c:97:6:lcdSendString	16	static
../Core/Src/interface.c:103:6:lcdDisplayMeasurement	24	static
../Core/Src/interface.c:116:6:lcdDisplaySetpoint	24	static
../Core/Src/interface.c:135:6:lcdDisplayMode	8	static
../Core/Src/interface.c:153:6:HAL_GPIO_EXTI_Callback	40	static
../Core/Src/interface.c:252:6:lcdCheckForUpdate	16	static
